10.1.1.12 - - [16/Dec/2025:00:54:24 +0000] "GET /upload HTTP/1.1" 400 762 "-" "Mozilla/5.0 (Windows NT 10.0; Win64; x64) AppleWebKit/537.36"
198.51.100.22 - - [16/Dec/2025:00:55:24 +0000] "GET /submit HTTP/1.1" 200 6880 "-" "Mozilla/5.0 (X11; Linux x86_64)"
203.0.113.8 - - [16/Dec/2025:00:56:24 +0000] "GET /product?id=123 HTTP/1.1" 500 4909 "-" "Nmap Scripting Engine"
203.0.113.45 - - [16/Dec/2025:00:57:24 +0000] "GET /api/v1/users?email=test@example.com HTTP/1.1" 200 792 "-" "OWASP ZAP"
54.213.12.34 - - [16/Dec/2025:00:58:24 +0000] "GET /admin/login HTTP/1.1" 502 7377 "-" "OWASP ZAP"
54.213.12.34 - - [16/Dec/2025:00:59:24 +0000] "POST /api/v1/export?format=csv HTTP/1.1" 400 3289 "-" "python-requests/2.28.1"
34.201.99.8 - - [16/Dec/2025:01:00:24 +0000] "GET /api/v1/items HTTP/1.1" 502 3958 "-" "Mozilla/5.0 (compatible; Googlebot/2.1; +http://www.google.com/bot.html)"
172.16.0.2 - - [16/Dec/2025:01:01:24 +0000] "POST / HTTP/1.1" 200 753 "-" "Nmap Scripting Engine"
10.1.1.12 - - [16/Dec/2025:01:02:24 +0000] "GET /api/v1/items HTTP/1.1" 403 3578 "-" "sqlmap/1.4.6#stable"
10.0.0.5 - - [16/Dec/2025:01:03:24 +0000] "GET /page?file=/proc/self/environ HTTP/1.1" 200 4742 "LFI_ATTEMPT" "python-requests/2.28.1"
192.0.2.10 - - [16/Dec/2025:01:04:24 +0000] "GET /contact HTTP/1.1" 422 2404 "-" "sqlmap/1.4.6#stable"
192.0.2.10 - - [16/Dec/2025:01:05:24 +0000] "PUT /product?id=123 HTTP/1.1" 400 2123 "-" "Nmap Scripting Engine"
198.51.100.7 - - [16/Dec/2025:01:06:24 +0000] "POST /product?id=123 HTTP/1.1" 200 2245 "-" "sqlmap/1.4.6#stable"
203.0.113.45 - - [16/Dec/2025:01:07:25 +0000] "GET /api/v1/process HTTP/1.1" 500 2317 "-" "Mozilla/5.0 (Windows NT 10.0; Win64; x64) AppleWebKit/537.36"
172.16.0.2 - - [16/Dec/2025:01:07:26 +0000] "GET /api/v1/process HTTP/1.1" 500 1620 "-" "Mozilla/5.0 (X11; Linux x86_64)"
10.0.0.5 - - [16/Dec/2025:01:07:27 +0000] "GET /api/v1/process HTTP/1.1" 500 2116 "-" "Mozilla/5.0 (X11; Linux x86_64)"
34.201.99.8 - - [16/Dec/2025:01:07:24 +0000] "GET /admin/login HTTP/1.1" 500 1357 "ERROR_500" "Mozilla/5.0 (Macintosh; Intel Mac OS X 10_15_7) AppleWebKit/605.1.15"
203.0.113.8 - - [16/Dec/2025:01:08:24 +0000] "GET /upload HTTP/1.1" 200 6345 "-" "python-requests/2.28.1"
34.201.99.8 - - [16/Dec/2025:01:09:24 +0000] "GET /upload HTTP/1.1" 200 4629 "-" "Masscan/1.0.5"
203.0.113.45 - - [16/Dec/2025:01:10:24 +0000] "GET /checkout HTTP/1.1" 200 1186 "-" "curl/7.68.0"
54.213.12.34 - - [16/Dec/2025:01:11:24 +0000] "GET / HTTP/1.1" 302 3308 "-" "Mozilla/5.0 (Windows NT 10.0; Win64; x64) AppleWebKit/537.36"
34.201.99.8 - - [16/Dec/2025:01:12:24 +0000] "GET /contact HTTP/1.1" 404 1733 "-" "Mozilla/5.0 (X11; Linux x86_64)"
54.213.12.34 - - [16/Dec/2025:01:13:24 +0000] "GET /export HTTP/1.1" 502 3010 "-" "Nmap Scripting Engine"
10.0.0.5 - - [16/Dec/2025:01:14:24 +0000] "GET /api/v1/users?email=test@example.com HTTP/1.1" 200 6361 "-" "sqlmap/1.4.6#stable"
10.0.0.5 - - [16/Dec/2025:01:15:24 +0000] "GET /checkout HTTP/1.1" 200 4880 "-" "python-requests/2.28.1"
192.0.2.10 - - [16/Dec/2025:01:16:24 +0000] "DELETE /api/v1/items HTTP/1.1" 400 6787 "-" "Mozilla/5.0 (Macintosh; Intel Mac OS X 10_15_7) AppleWebKit/605.1.15"
198.51.100.7 - - [16/Dec/2025:01:17:24 +0000] "GET /checkout HTTP/1.1" 200 6250 "-" "sqlmap/1.4.6#stable"
192.0.2.10 - - [16/Dec/2025:01:18:24 +0000] "GET / HTTP/1.1" 200 1301 "-" "curl/7.68.0"
54.213.12.34 - - [16/Dec/2025:01:19:24 +0000] "GET /wp-login.php HTTP/1.1" 200 4805 "-" "Nmap Scripting Engine"
34.201.99.8 - - [16/Dec/2025:01:20:24 +0000] "GET /admin/login HTTP/1.1" 200 6866 "-" "curl/7.68.0"
203.0.113.8 - - [16/Dec/2025:01:21:24 +0000] "GET /admin/login HTTP/1.1" 401 2328 "-" "Nmap Scripting Engine"
10.0.0.5 - - [16/Dec/2025:01:22:24 +0000] "GET /submit HTTP/1.1" 200 3573 "-" "python-requests/2.28.1"
198.51.100.22 - - [16/Dec/2025:01:23:24 +0000] "GET /admin/settings HTTP/1.1" 200 5523 "-" "sqlmap/1.4.6#stable"
54.213.12.34 - - [16/Dec/2025:01:24:24 +0000] "GET /download/report.csv HTTP/1.1" 200 4381 "-" "Mozilla/5.0 (compatible; Googlebot/2.1; +http://www.google.com/bot.html)"
172.16.0.2 - - [16/Dec/2025:01:25:24 +0000] "POST /profile HTTP/1.1" 200 2547 "-" "Mozilla/5.0 (Macintosh; Intel Mac OS X 10_15_7) AppleWebKit/605.1.15"
172.16.0.2 - - [16/Dec/2025:01:26:24 +0000] "GET /admin/dashboard HTTP/1.1" 301 7806 "-" "curl/7.68.0"
10.0.0.5 - - [16/Dec/2025:01:27:24 +0000] "GET /admin/settings HTTP/1.1" 200 7630 "-" "Mozilla/5.0 (X11; Linux x86_64)"
198.51.100.22 - - [16/Dec/2025:01:28:24 +0000] "GET /wp-login.php HTTP/1.1" 200 5549 "-" "sqlmap/1.4.6#stable"
203.0.113.8 - - [16/Dec/2025:01:29:24 +0000] "POST /admin/settings HTTP/1.1" 200 3844 "-" "Masscan/1.0.5"
10.0.0.5 - - [16/Dec/2025:01:30:24 +0000] "POST /upload HTTP/1.1" 200 1706 "-" "Nmap Scripting Engine"
203.0.113.45 - - [16/Dec/2025:01:31:24 +0000] "GET /api/v1/items HTTP/1.1" 502 5940 "-" "python-requests/2.28.1"
198.51.100.22 - - [16/Dec/2025:01:32:24 +0000] "GET /checkout HTTP/1.1" 200 7874 "-" "Mozilla/5.0 (Macintosh; Intel Mac OS X 10_15_7) AppleWebKit/605.1.15"
172.16.0.2 - - [16/Dec/2025:01:33:24 +0000] "GET / HTTP/1.1" 200 881 "-" "Masscan/1.0.5"
198.51.100.22 - - [16/Dec/2025:01:34:24 +0000] "GET /admin/dashboard HTTP/1.1" 301 7453 "-" "Mozilla/5.0 (Macintosh; Intel Mac OS X 10_15_7) AppleWebKit/605.1.15"
10.1.1.12 - - [16/Dec/2025:01:35:24 +0000] "GET /api/v1/items HTTP/1.1" 200 1235 "-" "python-requests/2.28.1"
192.0.2.10 - - [16/Dec/2025:01:36:24 +0000] "GET /search HTTP/1.1" 200 3123 "-" "Mozilla/5.0 (Windows NT 10.0; Win64; x64) AppleWebKit/537.36"
10.0.0.5 - - [16/Dec/2025:01:37:24 +0000] "POST /profile HTTP/1.1" 500 4693 "-" "OWASP ZAP"
172.16.0.2 - - [16/Dec/2025:01:38:24 +0000] "GET /submit HTTP/1.1" 200 3940 "-" "curl/7.68.0"
34.201.99.8 - - [16/Dec/2025:01:39:24 +0000] "GET /submit HTTP/1.1" 422 4145 "-" "python-requests/2.28.1"
54.213.12.34 - - [16/Dec/2025:01:40:24 +0000] "GET /login HTTP/1.1" 200 3576 "-" "Nmap Scripting Engine"
203.0.113.8 - - [16/Dec/2025:01:41:24 +0000] "GET / HTTP/1.1" 200 6411 "-" "Mozilla/5.0 (Windows NT 10.0; Win64; x64) AppleWebKit/537.36"
192.0.2.10 - - [16/Dec/2025:01:42:24 +0000] "GET /images/logo.png HTTP/1.1" 200 7753 "-" "OWASP ZAP"
172.16.0.2 - - [16/Dec/2025:01:43:24 +0000] "PUT /images/logo.png HTTP/1.1" 200 3726 "-" "python-requests/2.28.1"
203.0.113.8 - - [16/Dec/2025:01:44:24 +0000] "GET / HTTP/1.1" 200 3572 "-" "OWASP ZAP"
54.213.12.34 - - [16/Dec/2025:01:45:24 +0000] "GET /api/v1/items HTTP/1.1" 400 5491 "-" "curl/7.68.0"
10.1.1.12 - - [16/Dec/2025:01:46:24 +0000] "POST /api/v1/items HTTP/1.1" 200 5322 "-" "python-requests/2.28.1"
198.51.100.7 - - [16/Dec/2025:01:47:24 +0000] "GET /admin/settings HTTP/1.1" 200 6286 "-" "python-requests/2.28.1"
54.213.12.34 - - [16/Dec/2025:01:48:24 +0000] "POST /api/v1/users?email=test@example.com HTTP/1.1" 404 1694 "-" "sqlmap/1.4.6#stable"
192.0.2.10 - - [16/Dec/2025:01:49:24 +0000] "GET /profile HTTP/1.1" 200 5938 "-" "Mozilla/5.0 (X11; Linux x86_64)"
34.201.99.8 - - [16/Dec/2025:01:50:24 +0000] "GET /wp-login.php HTTP/1.1" 200 4582 "-" "Mozilla/5.0 (Windows NT 10.0; Win64; x64) AppleWebKit/537.36"
203.0.113.45 - - [16/Dec/2025:01:51:25 +0000] "GET /api/v1/process HTTP/1.1" 500 1053 "-" "Mozilla/5.0 (Macintosh; Intel Mac OS X 10_15_7) AppleWebKit/605.1.15"
192.0.2.10 - - [16/Dec/2025:01:51:26 +0000] "GET /api/v1/process HTTP/1.1" 500 160 "-" "Nmap Scripting Engine"
198.51.100.7 - - [16/Dec/2025:01:51:27 +0000] "GET /api/v1/process HTTP/1.1" 500 1500 "-" "Masscan/1.0.5"
203.0.113.45 - - [16/Dec/2025:01:51:24 +0000] "GET /admin/login HTTP/1.1" 500 1589 "ERROR_500" "python-requests/2.28.1"
203.0.113.8 - - [16/Dec/2025:01:52:24 +0000] "POST /search?q=admin/* HTTP/1.1" 200 14320 "-" "curl/7.68.0"
203.0.113.45 - - [16/Dec/2025:01:53:24 +0000] "GET /checkout HTTP/1.1" 200 1687 "-" "Mozilla/5.0 (Macintosh; Intel Mac OS X 10_15_7) AppleWebKit/605.1.15"
198.51.100.7 - - [16/Dec/2025:01:54:25 +0000] "POST /login HTTP/1.1" 401 653 "FAILED_LOGIN" "Mozilla/5.0 (X11; Linux x86_64)"
198.51.100.7 - - [16/Dec/2025:01:54:26 +0000] "POST /login HTTP/1.1" 401 453 "FAILED_LOGIN" "Mozilla/5.0 (X11; Linux x86_64)"
198.51.100.7 - - [16/Dec/2025:01:54:24 +0000] "POST /login HTTP/1.1" 401 594 "FAILED_LOGIN" "Mozilla/5.0 (X11; Linux x86_64)"
203.0.113.45 - - [16/Dec/2025:01:55:24 +0000] "GET /admin/login HTTP/1.1" 302 1907 "-" "OWASP ZAP"
172.16.0.2 - - [16/Dec/2025:01:56:24 +0000] "GET /download/report.csv HTTP/1.1" 200 6165 "-" "Mozilla/5.0 (compatible; Googlebot/2.1; +http://www.google.com/bot.html)"
203.0.113.45 - - [16/Dec/2025:01:57:24 +0000] "POST /submit HTTP/1.1" 200 4142 "-" "OWASP ZAP"
203.0.113.8 - - [16/Dec/2025:01:58:24 +0000] "GET /index.php HTTP/1.1" 503 2133 "-" "sqlmap/1.4.6#stable"
10.1.1.12 - - [16/Dec/2025:01:59:24 +0000] "GET /search HTTP/1.1" 200 3442 "-" "python-requests/2.28.1"
198.51.100.7 - - [16/Dec/2025:02:00:24 +0000] "GET /index.php HTTP/1.1" 403 4093 "-" "Mozilla/5.0 (X11; Linux x86_64)"
34.201.99.8 - - [16/Dec/2025:02:01:24 +0000] "GET /login HTTP/1.1" 200 948 "-" "sqlmap/1.4.6#stable"
34.201.99.8 - - [16/Dec/2025:02:02:24 +0000] "GET /index.php HTTP/1.1" 200 1460 "-" "Mozilla/5.0 (Windows NT 10.0; Win64; x64) AppleWebKit/537.36"
54.213.12.34 - - [16/Dec/2025:02:03:24 +0000] "POST /admin/dashboard HTTP/1.1" 200 4774 "-" "Nmap Scripting Engine"
10.0.0.5 - - [16/Dec/2025:02:04:24 +0000] "POST /profile HTTP/1.1" 200 3294 "-" "sqlmap/1.4.6#stable"
10.0.0.5 - - [16/Dec/2025:02:05:24 +0000] "POST /export HTTP/1.1" 200 3784 "-" "Mozilla/5.0 (Windows NT 10.0; Win64; x64) AppleWebKit/537.36"
54.213.12.34 - - [16/Dec/2025:02:06:24 +0000] "GET /images/logo.png HTTP/1.1" 200 4653 "-" "sqlmap/1.4.6#stable"
10.0.0.5 - - [16/Dec/2025:02:07:24 +0000] "GET /profile HTTP/1.1" 404 5104 "-" "python-requests/2.28.1"
54.213.12.34 - - [16/Dec/2025:02:08:24 +0000] "GET /upload HTTP/1.1" 200 6912 "-" "curl/7.68.0"
203.0.113.8 - - [16/Dec/2025:02:09:24 +0000] "GET /profile HTTP/1.1" 401 4344 "-" "Mozilla/5.0 (Windows NT 10.0; Win64; x64) AppleWebKit/537.36"
10.1.1.12 - - [16/Dec/2025:02:10:24 +0000] "POST / HTTP/1.1" 404 6557 "-" "Mozilla/5.0 (X11; Linux x86_64)"
34.201.99.8 - - [16/Dec/2025:02:11:24 +0000] "GET /login HTTP/1.1" 404 1755 "-" "OWASP ZAP"
54.213.12.34 - - [16/Dec/2025:02:12:24 +0000] "GET /submit HTTP/1.1" 301 2842 "-" "curl/7.68.0"
10.1.1.12 - - [16/Dec/2025:02:13:24 +0000] "GET /admin/login HTTP/1.1" 200 746 "-" "Mozilla/5.0 (Macintosh; Intel Mac OS X 10_15_7) AppleWebKit/605.1.15"
203.0.113.45 - - [16/Dec/2025:02:14:24 +0000] "POST /admin/dashboard HTTP/1.1" 404 1855 "-" "curl/7.68.0"
198.51.100.22 - - [16/Dec/2025:02:15:24 +0000] "GET /page?file=../../etc/passwd HTTP/1.1" 400 2296 "LFI_ATTEMPT" "Mozilla/5.0 (Windows NT 10.0; Win64; x64) AppleWebKit/537.36"
203.0.113.45 - - [16/Dec/2025:02:16:24 +0000] "GET /admin/settings HTTP/1.1" 200 7745 "-" "Mozilla/5.0 (Macintosh; Intel Mac OS X 10_15_7) AppleWebKit/605.1.15"
198.51.100.7 - - [16/Dec/2025:02:17:24 +0000] "GET /login HTTP/1.1" 403 697 "-" "Nmap Scripting Engine"
10.0.0.5 - - [16/Dec/2025:02:18:24 +0000] "GET /api/v1/users?email=test@example.com HTTP/1.1" 403 677 "-" "Mozilla/5.0 (compatible; Googlebot/2.1; +http://www.google.com/bot.html)"
34.201.99.8 - - [16/Dec/2025:02:19:24 +0000] "GET /index.php HTTP/1.1" 404 838 "-" "Mozilla/5.0 (Macintosh; Intel Mac OS X 10_15_7) AppleWebKit/605.1.15"
198.51.100.7 - - [16/Dec/2025:02:20:24 +0000] "DELETE /admin/login HTTP/1.1" 400 4555 "-" "Mozilla/5.0 (Macintosh; Intel Mac OS X 10_15_7) AppleWebKit/605.1.15"
10.1.1.12 - - [16/Dec/2025:02:21:24 +0000] "GET /upload HTTP/1.1" 200 7961 "-" "sqlmap/1.4.6#stable"
192.0.2.10 - - [16/Dec/2025:02:22:24 +0000] "GET /submit HTTP/1.1" 401 6477 "-" "Masscan/1.0.5"
34.201.99.8 - - [16/Dec/2025:02:23:24 +0000] "GET /profile HTTP/1.1" 422 1566 "-" "Masscan/1.0.5"
192.0.2.10 - - [16/Dec/2025:02:24:24 +0000] "GET /upload HTTP/1.1" 302 4573 "-" "Mozilla/5.0 (compatible; Googlebot/2.1; +http://www.google.com/bot.html)"
34.201.99.8 - - [16/Dec/2025:02:25:24 +0000] "GET /contact HTTP/1.1" 200 2859 "-" "Mozilla/5.0 (compatible; Googlebot/2.1; +http://www.google.com/bot.html)"
10.0.0.5 - - [16/Dec/2025:02:26:24 +0000] "GET /api/v1/users?email=test@example.com HTTP/1.1" 301 4813 "-" "Mozilla/5.0 (compatible; Googlebot/2.1; +http://www.google.com/bot.html)"
54.213.12.34 - - [16/Dec/2025:02:27:24 +0000] "GET /submit HTTP/1.1" 200 3906 "-" "python-requests/2.28.1"
172.16.0.2 - - [16/Dec/2025:02:28:24 +0000] "DELETE / HTTP/1.1" 503 5080 "-" "Mozilla/5.0 (Windows NT 10.0; Win64; x64) AppleWebKit/537.36"
203.0.113.45 - - [16/Dec/2025:02:29:24 +0000] "GET /download/report.csv HTTP/1.1" 200 2017 "-" "Mozilla/5.0 (Windows NT 10.0; Win64; x64) AppleWebKit/537.36"
198.51.100.7 - - [16/Dec/2025:02:30:24 +0000] "POST / HTTP/1.1" 500 4388 "-" "python-requests/2.28.1"
54.213.12.34 - - [16/Dec/2025:02:31:24 +0000] "GET /api/v1/export?format=csv HTTP/1.1" 200 3971 "-" "curl/7.68.0"
10.0.0.5 - - [16/Dec/2025:02:32:24 +0000] "GET /export HTTP/1.1" 422 2246 "-" "Mozilla/5.0 (compatible; Googlebot/2.1; +http://www.google.com/bot.html)"
198.51.100.7 - - [16/Dec/2025:02:33:25 +0000] "POST /login HTTP/1.1" 401 279 "FAILED_LOGIN" "Mozilla/5.0 (X11; Linux x86_64)"
198.51.100.7 - - [16/Dec/2025:02:33:26 +0000] "POST /login HTTP/1.1" 401 532 "FAILED_LOGIN" "Mozilla/5.0 (X11; Linux x86_64)"
198.51.100.7 - - [16/Dec/2025:02:33:24 +0000] "POST /login HTTP/1.1" 401 951 "FAILED_LOGIN" "Mozilla/5.0 (X11; Linux x86_64)"
172.16.0.2 - - [16/Dec/2025:02:34:24 +0000] "GET /api/v1/export?format=csv HTTP/1.1" 200 2660 "-" "Mozilla/5.0 (Macintosh; Intel Mac OS X 10_15_7) AppleWebKit/605.1.15"
203.0.113.45 - - [16/Dec/2025:02:35:24 +0000] "POST /api/v1/export?format=csv HTTP/1.1" 200 658 "-" "Masscan/1.0.5"
10.0.0.5 - - [16/Dec/2025:02:36:24 +0000] "GET /api/v1/users?email=test@example.com HTTP/1.1" 500 1187 "-" "Masscan/1.0.5"
198.51.100.7 - - [16/Dec/2025:02:37:24 +0000] "POST /admin/settings HTTP/1.1" 301 5378 "-" "Mozilla/5.0 (Windows NT 10.0; Win64; x64) AppleWebKit/537.36"
10.1.1.12 - - [16/Dec/2025:02:38:24 +0000] "GET /upload HTTP/1.1" 200 4827 "-" "Mozilla/5.0 (Windows NT 10.0; Win64; x64) AppleWebKit/537.36"
192.0.2.10 - - [16/Dec/2025:02:39:24 +0000] "GET /api/v1/items HTTP/1.1" 200 6193 "-" "curl/7.68.0"
10.1.1.12 - - [16/Dec/2025:02:40:24 +0000] "DELETE /admin/settings HTTP/1.1" 200 2019 "-" "Mozilla/5.0 (X11; Linux x86_64)"
10.1.1.12 - - [16/Dec/2025:02:41:24 +0000] "GET /checkout HTTP/1.1" 200 876 "-" "curl/7.68.0"
172.16.0.2 - - [16/Dec/2025:02:42:24 +0000] "GET /index.php HTTP/1.1" 200 896 "-" "OWASP ZAP"
10.1.1.12 - - [16/Dec/2025:02:43:24 +0000] "GET /admin/dashboard HTTP/1.1" 200 1822 "-" "curl/7.68.0"
172.16.0.2 - - [16/Dec/2025:02:44:24 +0000] "GET /api/v1/export?format=csv HTTP/1.1" 200 6226 "-" "sqlmap/1.4.6#stable"
54.213.12.34 - - [16/Dec/2025:02:45:24 +0000] "GET /login HTTP/1.1" 401 2849 "-" "python-requests/2.28.1"
34.201.99.8 - - [16/Dec/2025:02:46:24 +0000] "GET /api/v1/users?email=test@example.com HTTP/1.1" 200 1760 "-" "Masscan/1.0.5"
10.0.0.5 - - [16/Dec/2025:02:47:24 +0000] "GET / HTTP/1.1" 200 3064 "-" "python-requests/2.28.1"
34.201.99.8 - - [16/Dec/2025:02:48:24 +0000] "POST /profile HTTP/1.1" 200 567 "-" "Mozilla/5.0 (X11; Linux x86_64)"
198.51.100.7 - - [16/Dec/2025:02:49:24 +0000] "GET /contact HTTP/1.1" 401 7185 "-" "curl/7.68.0"
198.51.100.22 - - [16/Dec/2025:02:50:24 +0000] "GET /index.php HTTP/1.1" 502 7791 "-" "sqlmap/1.4.6#stable"
192.0.2.10 - - [16/Dec/2025:02:51:24 +0000] "POST /download/report.csv HTTP/1.1" 200 6788 "-" "Mozilla/5.0 (Windows NT 10.0; Win64; x64) AppleWebKit/537.36"
198.51.100.22 - - [16/Dec/2025:02:52:24 +0000] "GET /images/logo.png HTTP/1.1" 200 6262 "-" "Mozilla/5.0 (Windows NT 10.0; Win64; x64) AppleWebKit/537.36"
54.213.12.34 - - [16/Dec/2025:02:53:24 +0000] "GET /submit HTTP/1.1" 401 4695 "-" "OWASP ZAP"
172.16.0.2 - - [16/Dec/2025:02:54:24 +0000] "GET /admin/dashboard HTTP/1.1" 200 7622 "-" "Mozilla/5.0 (Windows NT 10.0; Win64; x64) AppleWebKit/537.36"
54.213.12.34 - - [16/Dec/2025:02:55:24 +0000] "GET /search HTTP/1.1" 200 6665 "-" "Mozilla/5.0 (Windows NT 10.0; Win64; x64) AppleWebKit/537.36"
34.201.99.8 - - [16/Dec/2025:02:56:24 +0000] "GET /admin/ HTTP/1.1" 404 1870 "SUSPICIOUS_UA" "OWASP ZAP"
198.51.100.22 - - [16/Dec/2025:02:57:24 +0000] "GET /checkout HTTP/1.1" 503 4365 "-" "sqlmap/1.4.6#stable"
198.51.100.22 - - [16/Dec/2025:02:58:24 +0000] "PUT /images/logo.png HTTP/1.1" 200 1727 "-" "Mozilla/5.0 (X11; Linux x86_64)"
198.51.100.7 - - [16/Dec/2025:02:59:24 +0000] "GET /profile HTTP/1.1" 500 376 "-" "OWASP ZAP"
203.0.113.45 - - [16/Dec/2025:03:00:24 +0000] "GET /upload HTTP/1.1" 200 3422 "-" "python-requests/2.28.1"
192.0.2.10 - - [16/Dec/2025:03:01:24 +0000] "GET /contact HTTP/1.1" 301 2134 "-" "Mozilla/5.0 (compatible; Googlebot/2.1; +http://www.google.com/bot.html)"
54.213.12.34 - - [16/Dec/2025:03:02:24 +0000] "GET /index.php HTTP/1.1" 404 7494 "-" "python-requests/2.28.1"
203.0.113.45 - - [16/Dec/2025:03:03:24 +0000] "PUT /export HTTP/1.1" 200 7549 "-" "sqlmap/1.4.6#stable"
10.1.1.12 - - [16/Dec/2025:03:04:24 +0000] "GET /login HTTP/1.1" 200 5754 "-" "Masscan/1.0.5"
34.201.99.8 - - [16/Dec/2025:03:05:24 +0000] "POST /api/v1/items HTTP/1.1" 200 1451 "-" "Masscan/1.0.5"
10.1.1.12 - - [16/Dec/2025:03:06:24 +0000] "DELETE /admin/settings HTTP/1.1" 200 1279 "-" "Mozilla/5.0 (compatible; Googlebot/2.1; +http://www.google.com/bot.html)"
198.51.100.7 - - [16/Dec/2025:03:07:24 +0000] "GET /api/v1/export?format=csv HTTP/1.1" 302 1857 "-" "OWASP ZAP"
192.0.2.10 - - [16/Dec/2025:03:08:24 +0000] "GET /upload HTTP/1.1" 200 7646 "-" "curl/7.68.0"
192.0.2.10 - - [16/Dec/2025:03:09:24 +0000] "GET /api/v1/export?format=csv HTTP/1.1" 200 4765 "-" "curl/7.68.0"
54.213.12.34 - - [16/Dec/2025:03:10:24 +0000] "PUT /admin/login HTTP/1.1" 200 7405 "-" "curl/7.68.0"
192.0.2.10 - - [16/Dec/2025:03:11:24 +0000] "POST /wp-login.php HTTP/1.1" 502 2685 "-" "Masscan/1.0.5"
172.16.0.2 - - [16/Dec/2025:03:12:24 +0000] "POST /export HTTP/1.1" 403 1074 "-" "curl/7.68.0"
192.0.2.10 - - [16/Dec/2025:03:13:24 +0000] "GET /admin/settings HTTP/1.1" 200 4845 "-" "Mozilla/5.0 (X11; Linux x86_64)"
34.201.99.8 - - [16/Dec/2025:03:14:24 +0000] "GET /api/v1/items HTTP/1.1" 400 3143 "-" "sqlmap/1.4.6#stable"
198.51.100.22 - - [16/Dec/2025:03:15:24 +0000] "GET /images/logo.png HTTP/1.1" 200 5153 "-" "curl/7.68.0"
172.16.0.2 - - [16/Dec/2025:03:16:24 +0000] "POST /contact HTTP/1.1" 404 4225 "-" "curl/7.68.0"
172.16.0.2 - - [16/Dec/2025:03:17:24 +0000] "GET /product?id=123 HTTP/1.1" 200 6463 "-" "sqlmap/1.4.6#stable"
203.0.113.45 - - [16/Dec/2025:03:18:24 +0000] "PUT /api/v1/users?email=test@example.com HTTP/1.1" 401 1861 "-" "sqlmap/1.4.6#stable"
198.51.100.7 - - [16/Dec/2025:03:19:25 +0000] "GET /api/v1/process HTTP/1.1" 500 1851 "-" "Masscan/1.0.5"
203.0.113.45 - - [16/Dec/2025:03:19:26 +0000] "GET /api/v1/process HTTP/1.1" 500 2590 "-" "Masscan/1.0.5"
10.0.0.5 - - [16/Dec/2025:03:19:27 +0000] "GET /api/v1/process HTTP/1.1" 500 1714 "-" "Mozilla/5.0 (X11; Linux x86_64)"
198.51.100.7 - - [16/Dec/2025:03:19:24 +0000] "GET /profile HTTP/1.1" 500 1917 "ERROR_500" "Mozilla/5.0 (X11; Linux x86_64)"
34.201.99.8 - - [16/Dec/2025:03:20:24 +0000] "GET /upload HTTP/1.1" 200 3899 "-" "Mozilla/5.0 (Windows NT 10.0; Win64; x64) AppleWebKit/537.36"
172.16.0.2 - - [16/Dec/2025:03:21:24 +0000] "POST /index.php HTTP/1.1" 200 3440 "-" "sqlmap/1.4.6#stable"
203.0.113.45 - - [16/Dec/2025:03:22:24 +0000] "GET /upload HTTP/1.1" 200 3800 "-" "Mozilla/5.0 (Windows NT 10.0; Win64; x64) AppleWebKit/537.36"
10.1.1.12 - - [16/Dec/2025:03:23:24 +0000] "POST /download/report.csv HTTP/1.1" 200 2611 "-" "Nmap Scripting Engine"
34.201.99.8 - - [16/Dec/2025:03:24:24 +0000] "PUT /upload HTTP/1.1" 200 5492 "-" "curl/7.68.0"
172.16.0.2 - - [16/Dec/2025:03:25:24 +0000] "GET /upload HTTP/1.1" 200 4995 "-" "Mozilla/5.0 (Macintosh; Intel Mac OS X 10_15_7) AppleWebKit/605.1.15"
54.213.12.34 - - [16/Dec/2025:03:26:24 +0000] "GET /api/v1/users?email=test@example.com HTTP/1.1" 200 1665 "-" "Mozilla/5.0 (compatible; Googlebot/2.1; +http://www.google.com/bot.html)"
172.16.0.2 - - [16/Dec/2025:03:27:24 +0000] "GET /product?id=123 HTTP/1.1" 200 2854 "-" "Nmap Scripting Engine"
192.0.2.10 - - [16/Dec/2025:03:28:24 +0000] "POST /admin/login HTTP/1.1" 200 3881 "-" "Mozilla/5.0 (Macintosh; Intel Mac OS X 10_15_7) AppleWebKit/605.1.15"
10.0.0.5 - - [16/Dec/2025:03:29:24 +0000] "GET /checkout HTTP/1.1" 301 1509 "-" "OWASP ZAP"
10.1.1.12 - - [16/Dec/2025:03:30:24 +0000] "GET /index.php HTTP/1.1" 500 4832 "-" "curl/7.68.0"
192.0.2.10 - - [16/Dec/2025:03:31:24 +0000] "GET /admin/dashboard HTTP/1.1" 401 620 "-" "curl/7.68.0"
10.1.1.12 - - [16/Dec/2025:03:32:24 +0000] "GET /profile HTTP/1.1" 301 1163 "-" "python-requests/2.28.1"
192.0.2.10 - - [16/Dec/2025:03:33:24 +0000] "DELETE / HTTP/1.1" 401 300 "-" "Mozilla/5.0 (X11; Linux x86_64)"
172.16.0.2 - - [16/Dec/2025:03:34:24 +0000] "GET /images/logo.png HTTP/1.1" 403 5180 "-" "OWASP ZAP"
172.16.0.2 - - [16/Dec/2025:03:35:24 +0000] "GET /api/v1/export?format=csv HTTP/1.1" 200 3819 "-" "Nmap Scripting Engine"
198.51.100.22 - - [16/Dec/2025:03:36:24 +0000] "GET / HTTP/1.1" 422 2478 "-" "sqlmap/1.4.6#stable"
34.201.99.8 - - [16/Dec/2025:03:37:24 +0000] "GET /product?id=123 HTTP/1.1" 200 651 "-" "Mozilla/5.0 (Windows NT 10.0; Win64; x64) AppleWebKit/537.36"
10.0.0.5 - - [16/Dec/2025:03:38:24 +0000] "GET /index.php HTTP/1.1" 404 2644 "-" "Mozilla/5.0 (X11; Linux x86_64)"
10.0.0.5 - - [16/Dec/2025:03:39:24 +0000] "PUT /index.php HTTP/1.1" 200 1660 "-" "Mozilla/5.0 (Macintosh; Intel Mac OS X 10_15_7) AppleWebKit/605.1.15"
192.0.2.10 - - [16/Dec/2025:03:40:24 +0000] "GET /admin/settings HTTP/1.1" 200 4805 "-" "Mozilla/5.0 (X11; Linux x86_64)"
192.0.2.10 - - [16/Dec/2025:03:41:24 +0000] "DELETE /api/v1/export?format=csv HTTP/1.1" 500 962 "-" "Mozilla/5.0 (compatible; Googlebot/2.1; +http://www.google.com/bot.html)"
203.0.113.8 - - [16/Dec/2025:03:42:24 +0000] "GET /checkout HTTP/1.1" 401 7108 "-" "Mozilla/5.0 (Macintosh; Intel Mac OS X 10_15_7) AppleWebKit/605.1.15"
54.213.12.34 - - [16/Dec/2025:03:43:24 +0000] "GET /images/logo.png HTTP/1.1" 200 7240 "-" "curl/7.68.0"
203.0.113.8 - - [16/Dec/2025:03:44:24 +0000] "GET /api/v1/users?email=test@example.com HTTP/1.1" 200 1912 "-" "OWASP ZAP"
34.201.99.8 - - [16/Dec/2025:03:45:24 +0000] "GET /api/v1/export?format=csv HTTP/1.1" 503 4162 "-" "OWASP ZAP"
34.201.99.8 - - [16/Dec/2025:03:46:24 +0000] "PUT /download/report.csv HTTP/1.1" 301 2792 "-" "Masscan/1.0.5"
