54.213.12.34 - - [15/Dec/2025:18:23:24 +0000] "GET /download/report.csv HTTP/1.1" 200 5514 "-" "Masscan/1.0.5"
10.0.0.5 - - [15/Dec/2025:18:24:24 +0000] "GET /contact HTTP/1.1" 422 4017 "-" "OWASP ZAP"
198.51.100.22 - - [15/Dec/2025:18:25:24 +0000] "POST /images/logo.png HTTP/1.1" 500 3236 "-" "Mozilla/5.0 (compatible; Googlebot/2.1; +http://www.google.com/bot.html)"
10.0.0.5 - - [15/Dec/2025:18:26:24 +0000] "GET /api/v1/export?format=csv HTTP/1.1" 401 332 "-" "sqlmap/1.4.6#stable"
203.0.113.8 - - [15/Dec/2025:18:27:24 +0000] "GET /api/v1/export?format=csv HTTP/1.1" 400 2618 "-" "Mozilla/5.0 (X11; Linux x86_64)"
192.0.2.10 - - [15/Dec/2025:18:28:24 +0000] "GET /api/v1/items HTTP/1.1" 200 2213 "-" "Masscan/1.0.5"
172.16.0.2 - - [15/Dec/2025:18:29:24 +0000] "GET /wp-login.php HTTP/1.1" 401 4202 "-" "python-requests/2.28.1"
172.16.0.2 - - [15/Dec/2025:18:30:24 +0000] "GET /contact HTTP/1.1" 200 4677 "-" "curl/7.68.0"
172.16.0.2 - - [15/Dec/2025:18:31:24 +0000] "GET /submit HTTP/1.1" 200 7073 "-" "Mozilla/5.0 (Windows NT 10.0; Win64; x64) AppleWebKit/537.36"
198.51.100.22 - - [15/Dec/2025:18:32:24 +0000] "PUT /index.php HTTP/1.1" 200 7102 "-" "Mozilla/5.0 (Windows NT 10.0; Win64; x64) AppleWebKit/537.36"
198.51.100.7 - - [15/Dec/2025:18:33:24 +0000] "GET /profile?bio=<script> HTTP/1.1" 400 1550 "XSS_ATTEMPT" "Mozilla/5.0 (Windows NT 10.0; Win64; x64) AppleWebKit/537.36"
172.16.0.2 - - [15/Dec/2025:18:34:24 +0000] "GET /submit HTTP/1.1" 200 337 "-" "OWASP ZAP"
54.213.12.34 - - [15/Dec/2025:18:35:24 +0000] "POST /page?file=php://input HTTP/1.1" 200 989 "LFI_ATTEMPT" "python-requests/2.28.1"
54.213.12.34 - - [15/Dec/2025:18:36:24 +0000] "GET /product?id=123 HTTP/1.1" 200 6878 "-" "Mozilla/5.0 (X11; Linux x86_64)"
10.0.0.5 - - [15/Dec/2025:18:37:24 +0000] "GET /checkout HTTP/1.1" 200 3526 "-" "Mozilla/5.0 (Macintosh; Intel Mac OS X 10_15_7) AppleWebKit/605.1.15"
172.16.0.2 - - [15/Dec/2025:18:38:24 +0000] "GET /api/v1/items HTTP/1.1" 302 7145 "-" "python-requests/2.28.1"
198.51.100.22 - - [15/Dec/2025:18:39:24 +0000] "GET /index.php HTTP/1.1" 200 3289 "-" "Mozilla/5.0 (Macintosh; Intel Mac OS X 10_15_7) AppleWebKit/605.1.15"
54.213.12.34 - - [15/Dec/2025:18:40:24 +0000] "GET / HTTP/1.1" 200 7124 "-" "curl/7.68.0"
10.1.1.12 - - [15/Dec/2025:18:41:24 +0000] "GET /wp-login.php HTTP/1.1" 503 981 "-" "Mozilla/5.0 (X11; Linux x86_64)"
54.213.12.34 - - [15/Dec/2025:18:42:24 +0000] "PUT /api/v1/items HTTP/1.1" 422 5871 "-" "sqlmap/1.4.6#stable"
34.201.99.8 - - [15/Dec/2025:18:43:24 +0000] "GET /index.php HTTP/1.1" 302 2496 "-" "Mozilla/5.0 (Macintosh; Intel Mac OS X 10_15_7) AppleWebKit/605.1.15"
54.213.12.34 - - [15/Dec/2025:18:44:24 +0000] "GET /index.php HTTP/1.1" 500 2776 "-" "curl/7.68.0"
203.0.113.45 - - [15/Dec/2025:18:45:24 +0000] "DELETE /api/v1/export?format=csv HTTP/1.1" 401 6038 "-" "curl/7.68.0"
10.1.1.12 - - [15/Dec/2025:18:46:24 +0000] "PUT /download/report.csv HTTP/1.1" 200 4842 "-" "curl/7.68.0"
10.1.1.12 - - [15/Dec/2025:18:47:24 +0000] "GET /submit HTTP/1.1" 200 6259 "-" "Mozilla/5.0 (compatible; Googlebot/2.1; +http://www.google.com/bot.html)"
192.0.2.10 - - [15/Dec/2025:18:48:24 +0000] "POST /login HTTP/1.1" 401 3033 "-" "OWASP ZAP"
203.0.113.45 - - [15/Dec/2025:18:49:24 +0000] "GET /api/v1/items HTTP/1.1" 200 6499 "-" "Mozilla/5.0 (Macintosh; Intel Mac OS X 10_15_7) AppleWebKit/605.1.15"
34.201.99.8 - - [15/Dec/2025:18:50:24 +0000] "DELETE /checkout HTTP/1.1" 200 2439 "-" "Mozilla/5.0 (compatible; Googlebot/2.1; +http://www.google.com/bot.html)"
172.16.0.2 - - [15/Dec/2025:18:51:24 +0000] "GET /contact HTTP/1.1" 502 3737 "-" "OWASP ZAP"
192.0.2.10 - - [15/Dec/2025:18:52:24 +0000] "GET /checkout HTTP/1.1" 401 2619 "-" "Mozilla/5.0 (Macintosh; Intel Mac OS X 10_15_7) AppleWebKit/605.1.15"
198.51.100.7 - - [15/Dec/2025:18:53:24 +0000] "POST /login HTTP/1.1" 200 6030 "-" "python-requests/2.28.1"
192.0.2.10 - - [15/Dec/2025:18:54:24 +0000] "POST /wp-login.php HTTP/1.1" 200 242 "-" "Mozilla/5.0 (compatible; Googlebot/2.1; +http://www.google.com/bot.html)"
203.0.113.8 - - [15/Dec/2025:18:55:24 +0000] "GET /export HTTP/1.1" 200 1735 "-" "Mozilla/5.0 (Macintosh; Intel Mac OS X 10_15_7) AppleWebKit/605.1.15"
10.1.1.12 - - [15/Dec/2025:18:56:24 +0000] "GET /submit HTTP/1.1" 200 415 "-" "OWASP ZAP"
198.51.100.22 - - [15/Dec/2025:18:57:24 +0000] "GET /login HTTP/1.1" 200 2857 "-" "Mozilla/5.0 (X11; Linux x86_64)"
10.1.1.12 - - [15/Dec/2025:18:58:24 +0000] "GET /api/v1/users?email=test@example.com HTTP/1.1" 403 6137 "-" "Masscan/1.0.5"
54.213.12.34 - - [15/Dec/2025:18:59:24 +0000] "PUT /api/v1/items HTTP/1.1" 200 5814 "-" "Mozilla/5.0 (X11; Linux x86_64)"
10.1.1.12 - - [15/Dec/2025:19:00:24 +0000] "GET /export HTTP/1.1" 200 1395 "-" "python-requests/2.28.1"
198.51.100.22 - - [15/Dec/2025:19:01:24 +0000] "GET /export HTTP/1.1" 200 6611 "-" "Masscan/1.0.5"
198.51.100.22 - - [15/Dec/2025:19:02:24 +0000] "GET /api/v1/items HTTP/1.1" 200 1801 "-" "Nmap Scripting Engine"
172.16.0.2 - - [15/Dec/2025:19:03:24 +0000] "GET /download/report.csv HTTP/1.1" 502 2921 "-" "Mozilla/5.0 (Windows NT 10.0; Win64; x64) AppleWebKit/537.36"
34.201.99.8 - - [15/Dec/2025:19:04:24 +0000] "GET /wp-login.php HTTP/1.1" 200 6880 "-" "Nmap Scripting Engine"
34.201.99.8 - - [15/Dec/2025:19:05:24 +0000] "GET /wp-login.php HTTP/1.1" 502 1845 "-" "Mozilla/5.0 (X11; Linux x86_64)"
172.16.0.2 - - [15/Dec/2025:19:06:24 +0000] "GET /checkout HTTP/1.1" 200 5893 "-" "Mozilla/5.0 (compatible; Googlebot/2.1; +http://www.google.com/bot.html)"
172.16.0.2 - - [15/Dec/2025:19:07:24 +0000] "DELETE /api/v1/items HTTP/1.1" 200 6888 "-" "Mozilla/5.0 (compatible; Googlebot/2.1; +http://www.google.com/bot.html)"
10.1.1.12 - - [15/Dec/2025:19:08:24 +0000] "GET /api/v1/export?format=csv HTTP/1.1" 200 4669 "-" "sqlmap/1.4.6#stable"
192.0.2.10 - - [15/Dec/2025:19:09:24 +0000] "GET /submit HTTP/1.1" 502 3981 "-" "Mozilla/5.0 (Windows NT 10.0; Win64; x64) AppleWebKit/537.36"
198.51.100.7 - - [15/Dec/2025:19:10:24 +0000] "GET /download/report.csv HTTP/1.1" 404 6718 "-" "Mozilla/5.0 (Macintosh; Intel Mac OS X 10_15_7) AppleWebKit/605.1.15"
10.1.1.12 - - [15/Dec/2025:19:11:24 +0000] "GET /admin/dashboard HTTP/1.1" 200 5595 "-" "python-requests/2.28.1"
192.0.2.10 - - [15/Dec/2025:19:12:24 +0000] "POST /checkout HTTP/1.1" 200 5098 "-" "Mozilla/5.0 (Macintosh; Intel Mac OS X 10_15_7) AppleWebKit/605.1.15"
172.16.0.2 - - [15/Dec/2025:19:13:24 +0000] "GET /submit HTTP/1.1" 500 7324 "-" "OWASP ZAP"
10.1.1.12 - - [15/Dec/2025:19:14:24 +0000] "GET /contact HTTP/1.1" 200 7690 "-" "OWASP ZAP"
198.51.100.22 - - [15/Dec/2025:19:15:24 +0000] "GET /search?q=adminWAITFOR DELAY HTTP/1.1" 500 13545 "-" "Masscan/1.0.5"
198.51.100.22 - - [15/Dec/2025:19:16:24 +0000] "GET /export HTTP/1.1" 200 4449 "-" "sqlmap/1.4.6#stable"
54.213.12.34 - - [15/Dec/2025:19:17:24 +0000] "GET /api/v1/export?format=csv HTTP/1.1" 200 3404 "-" "sqlmap/1.4.6#stable"
203.0.113.8 - - [15/Dec/2025:19:18:25 +0000] "GET /api/v1/process HTTP/1.1" 500 1803 "-" "Mozilla/5.0 (Macintosh; Intel Mac OS X 10_15_7) AppleWebKit/605.1.15"
198.51.100.22 - - [15/Dec/2025:19:18:26 +0000] "GET /api/v1/process HTTP/1.1" 500 680 "-" "Mozilla/5.0 (compatible; Googlebot/2.1; +http://www.google.com/bot.html)"
203.0.113.8 - - [15/Dec/2025:19:18:27 +0000] "GET /api/v1/process HTTP/1.1" 500 1505 "-" "Nmap Scripting Engine"
172.16.0.2 - - [15/Dec/2025:19:18:24 +0000] "POST /api/v1/export?format=csv HTTP/1.1" 500 314 "ERROR_500" "OWASP ZAP"
198.51.100.7 - - [15/Dec/2025:19:19:24 +0000] "GET /contact HTTP/1.1" 200 6114 "-" "Nmap Scripting Engine"
172.16.0.2 - - [15/Dec/2025:19:20:24 +0000] "GET /download/report.csv HTTP/1.1" 403 1142 "-" "Mozilla/5.0 (Windows NT 10.0; Win64; x64) AppleWebKit/537.36"
203.0.113.45 - - [15/Dec/2025:19:21:24 +0000] "POST /admin/login HTTP/1.1" 500 6266 "-" "curl/7.68.0"
198.51.100.7 - - [15/Dec/2025:19:22:24 +0000] "GET /submit HTTP/1.1" 200 3692 "-" "curl/7.68.0"
172.16.0.2 - - [15/Dec/2025:19:23:24 +0000] "GET /checkout HTTP/1.1" 200 5584 "-" "curl/7.68.0"
10.1.1.12 - - [15/Dec/2025:19:24:24 +0000] "GET /admin/settings HTTP/1.1" 200 3718 "-" "sqlmap/1.4.6#stable"
10.1.1.12 - - [15/Dec/2025:19:25:24 +0000] "GET /product?id=123 HTTP/1.1" 200 5965 "-" "sqlmap/1.4.6#stable"
198.51.100.22 - - [15/Dec/2025:19:26:24 +0000] "GET /submit HTTP/1.1" 200 1814 "-" "curl/7.68.0"
172.16.0.2 - - [15/Dec/2025:19:27:24 +0000] "GET /images/logo.png HTTP/1.1" 502 2767 "-" "OWASP ZAP"
34.201.99.8 - - [15/Dec/2025:19:28:24 +0000] "GET /checkout HTTP/1.1" 200 3083 "-" "Mozilla/5.0 (X11; Linux x86_64)"
172.16.0.2 - - [15/Dec/2025:19:29:24 +0000] "GET /download/report.csv HTTP/1.1" 200 5705 "-" "Mozilla/5.0 (X11; Linux x86_64)"
192.0.2.10 - - [15/Dec/2025:19:30:24 +0000] "GET /api/v1/items HTTP/1.1" 200 3258 "-" "python-requests/2.28.1"
192.0.2.10 - - [15/Dec/2025:19:31:24 +0000] "GET /api/v1/users?email=test@example.com HTTP/1.1" 200 3343 "-" "Mozilla/5.0 (X11; Linux x86_64)"
10.1.1.12 - - [15/Dec/2025:19:32:24 +0000] "GET /submit HTTP/1.1" 200 4211 "-" "curl/7.68.0"
203.0.113.8 - - [15/Dec/2025:19:33:24 +0000] "GET /wp-login.php HTTP/1.1" 301 7290 "-" "Nmap Scripting Engine"
10.0.0.5 - - [15/Dec/2025:19:34:24 +0000] "DELETE /images/logo.png HTTP/1.1" 200 3345 "-" "curl/7.68.0"
54.213.12.34 - - [15/Dec/2025:19:35:24 +0000] "GET /images/logo.png HTTP/1.1" 302 3604 "-" "Masscan/1.0.5"
172.16.0.2 - - [15/Dec/2025:19:36:24 +0000] "GET /login HTTP/1.1" 200 6434 "-" "Mozilla/5.0 (X11; Linux x86_64)"
198.51.100.7 - - [15/Dec/2025:19:37:24 +0000] "GET /export HTTP/1.1" 200 1577 "-" "sqlmap/1.4.6#stable"
172.16.0.2 - - [15/Dec/2025:19:38:24 +0000] "GET /images/logo.png HTTP/1.1" 200 4891 "-" "OWASP ZAP"
198.51.100.22 - - [15/Dec/2025:19:39:24 +0000] "GET /submit HTTP/1.1" 200 6399 "-" "Mozilla/5.0 (compatible; Googlebot/2.1; +http://www.google.com/bot.html)"
203.0.113.45 - - [15/Dec/2025:19:40:24 +0000] "POST /profile HTTP/1.1" 200 3682 "-" "OWASP ZAP"
198.51.100.22 - - [15/Dec/2025:19:41:24 +0000] "POST /api/v1/items HTTP/1.1" 404 464 "-" "python-requests/2.28.1"
172.16.0.2 - - [15/Dec/2025:19:42:24 +0000] "GET /login HTTP/1.1" 404 1161 "-" "Nmap Scripting Engine"
198.51.100.7 - - [15/Dec/2025:19:43:24 +0000] "GET /api/v1/export?format=csv HTTP/1.1" 404 5199 "-" "Mozilla/5.0 (compatible; Googlebot/2.1; +http://www.google.com/bot.html)"
10.1.1.12 - - [15/Dec/2025:19:44:24 +0000] "GET /admin/dashboard HTTP/1.1" 403 6798 "-" "sqlmap/1.4.6#stable"
203.0.113.45 - - [15/Dec/2025:19:45:24 +0000] "GET /profile?bio=alert( HTTP/1.1" 400 1372 "XSS_ATTEMPT" "python-requests/2.28.1"
203.0.113.8 - - [15/Dec/2025:19:46:24 +0000] "DELETE /upload HTTP/1.1" 200 6344 "-" "Mozilla/5.0 (Macintosh; Intel Mac OS X 10_15_7) AppleWebKit/605.1.15"
10.1.1.12 - - [15/Dec/2025:19:47:24 +0000] "PUT /export HTTP/1.1" 400 1287 "-" "curl/7.68.0"
198.51.100.7 - - [15/Dec/2025:19:48:24 +0000] "GET /wp-login.php HTTP/1.1" 401 5739 "-" "sqlmap/1.4.6#stable"
10.1.1.12 - - [15/Dec/2025:19:49:24 +0000] "GET /api/v1/export?format=csv HTTP/1.1" 301 3273 "-" "python-requests/2.28.1"
172.16.0.2 - - [15/Dec/2025:19:50:24 +0000] "GET /login HTTP/1.1" 200 2479 "-" "Masscan/1.0.5"
10.0.0.5 - - [15/Dec/2025:19:51:24 +0000] "GET /images/logo.png HTTP/1.1" 200 7318 "-" "Mozilla/5.0 (compatible; Googlebot/2.1; +http://www.google.com/bot.html)"
198.51.100.22 - - [15/Dec/2025:19:52:24 +0000] "POST /profile HTTP/1.1" 404 6718 "-" "Mozilla/5.0 (compatible; Googlebot/2.1; +http://www.google.com/bot.html)"
54.213.12.34 - - [15/Dec/2025:19:53:24 +0000] "GET /api/v1/users?email=test@example.com HTTP/1.1" 200 2844 "-" "sqlmap/1.4.6#stable"
203.0.113.8 - - [15/Dec/2025:19:54:24 +0000] "GET /api/v1/export?format=csv HTTP/1.1" 200 4175 "-" "curl/7.68.0"
10.0.0.5 - - [15/Dec/2025:19:55:24 +0000] "POST /index.php HTTP/1.1" 200 6621 "-" "Mozilla/5.0 (Windows NT 10.0; Win64; x64) AppleWebKit/537.36"
172.16.0.2 - - [15/Dec/2025:19:56:25 +0000] "POST /login HTTP/1.1" 401 335 "FAILED_LOGIN" "Mozilla/5.0 (X11; Linux x86_64)"
172.16.0.2 - - [15/Dec/2025:19:56:26 +0000] "POST /login HTTP/1.1" 401 865 "FAILED_LOGIN" "Mozilla/5.0 (X11; Linux x86_64)"
172.16.0.2 - - [15/Dec/2025:19:56:24 +0000] "POST /login HTTP/1.1" 401 905 "FAILED_LOGIN" "Mozilla/5.0 (X11; Linux x86_64)"
203.0.113.8 - - [15/Dec/2025:19:57:24 +0000] "GET /export HTTP/1.1" 301 2251 "-" "Mozilla/5.0 (Macintosh; Intel Mac OS X 10_15_7) AppleWebKit/605.1.15"
198.51.100.22 - - [15/Dec/2025:19:58:24 +0000] "GET /search HTTP/1.1" 200 2702 "-" "Mozilla/5.0 (Windows NT 10.0; Win64; x64) AppleWebKit/537.36"
198.51.100.7 - - [15/Dec/2025:19:59:24 +0000] "GET /login HTTP/1.1" 200 4106 "-" "Mozilla/5.0 (Macintosh; Intel Mac OS X 10_15_7) AppleWebKit/605.1.15"
198.51.100.22 - - [15/Dec/2025:20:00:24 +0000] "GET /api/v1/items HTTP/1.1" 302 276 "-" "OWASP ZAP"
203.0.113.45 - - [15/Dec/2025:20:01:24 +0000] "GET /admin/login HTTP/1.1" 400 4113 "-" "Masscan/1.0.5"
198.51.100.22 - - [15/Dec/2025:20:02:24 +0000] "GET /login HTTP/1.1" 200 3211 "-" "Mozilla/5.0 (Macintosh; Intel Mac OS X 10_15_7) AppleWebKit/605.1.15"
203.0.113.8 - - [15/Dec/2025:20:03:24 +0000] "GET /admin/dashboard HTTP/1.1" 200 4814 "-" "curl/7.68.0"
203.0.113.45 - - [15/Dec/2025:20:04:24 +0000] "GET /search HTTP/1.1" 200 1945 "-" "Nmap Scripting Engine"
192.0.2.10 - - [15/Dec/2025:20:05:24 +0000] "PUT /admin/settings HTTP/1.1" 404 910 "-" "Nmap Scripting Engine"
198.51.100.22 - - [15/Dec/2025:20:06:24 +0000] "GET /admin/login HTTP/1.1" 400 3079 "-" "Mozilla/5.0 (X11; Linux x86_64)"
10.1.1.12 - - [15/Dec/2025:20:07:24 +0000] "GET /admin/dashboard HTTP/1.1" 200 890 "-" "sqlmap/1.4.6#stable"
198.51.100.7 - - [15/Dec/2025:20:08:24 +0000] "GET /admin/settings HTTP/1.1" 200 7910 "-" "Mozilla/5.0 (X11; Linux x86_64)"
203.0.113.45 - - [15/Dec/2025:20:09:24 +0000] "POST /download/report.csv HTTP/1.1" 200 4374 "-" "sqlmap/1.4.6#stable"
198.51.100.7 - - [15/Dec/2025:20:10:24 +0000] "POST /download/report.csv HTTP/1.1" 403 6702 "-" "Mozilla/5.0 (Windows NT 10.0; Win64; x64) AppleWebKit/537.36"
198.51.100.7 - - [15/Dec/2025:20:11:24 +0000] "GET /admin/login HTTP/1.1" 200 5065 "-" "sqlmap/1.4.6#stable"
198.51.100.22 - - [15/Dec/2025:20:12:24 +0000] "GET / HTTP/1.1" 500 1281 "-" "Mozilla/5.0 (compatible; Googlebot/2.1; +http://www.google.com/bot.html)"
10.1.1.12 - - [15/Dec/2025:20:13:24 +0000] "POST /api/v1/export?format=csv HTTP/1.1" 200 5794 "-" "Masscan/1.0.5"
192.0.2.10 - - [15/Dec/2025:20:14:24 +0000] "POST /login HTTP/1.1" 200 312 "-" "Mozilla/5.0 (Windows NT 10.0; Win64; x64) AppleWebKit/537.36"
203.0.113.8 - - [15/Dec/2025:20:15:24 +0000] "GET /index.php HTTP/1.1" 200 5349 "-" "Masscan/1.0.5"
54.213.12.34 - - [15/Dec/2025:20:16:24 +0000] "POST /api/v1/users?email=test@example.com HTTP/1.1" 200 4595 "-" "Masscan/1.0.5"
54.213.12.34 - - [15/Dec/2025:20:17:24 +0000] "GET /export HTTP/1.1" 200 4388 "-" "Mozilla/5.0 (Macintosh; Intel Mac OS X 10_15_7) AppleWebKit/605.1.15"
198.51.100.7 - - [15/Dec/2025:20:18:24 +0000] "DELETE /admin/dashboard HTTP/1.1" 200 5004 "-" "OWASP ZAP"
198.51.100.22 - - [15/Dec/2025:20:19:24 +0000] "GET /api/v1/users?email=test@example.com HTTP/1.1" 200 906 "-" "sqlmap/1.4.6#stable"
10.1.1.12 - - [15/Dec/2025:20:20:24 +0000] "GET /admin/settings HTTP/1.1" 200 5656 "-" "Mozilla/5.0 (X11; Linux x86_64)"
192.0.2.10 - - [15/Dec/2025:20:21:24 +0000] "GET /admin/dashboard HTTP/1.1" 200 3040 "-" "Mozilla/5.0 (Windows NT 10.0; Win64; x64) AppleWebKit/537.36"
54.213.12.34 - - [15/Dec/2025:20:22:24 +0000] "GET /export HTTP/1.1" 200 6342 "-" "curl/7.68.0"
203.0.113.8 - - [15/Dec/2025:20:23:24 +0000] "POST /admin/login HTTP/1.1" 200 3717 "-" "Mozilla/5.0 (Windows NT 10.0; Win64; x64) AppleWebKit/537.36"
203.0.113.8 - - [15/Dec/2025:20:24:24 +0000] "GET /export HTTP/1.1" 301 4264 "-" "Mozilla/5.0 (X11; Linux x86_64)"
172.16.0.2 - - [15/Dec/2025:20:25:24 +0000] "GET /index.php HTTP/1.1" 404 1567 "-" "Nmap Scripting Engine"
10.0.0.5 - - [15/Dec/2025:20:26:24 +0000] "GET /admin/login HTTP/1.1" 302 1144 "-" "Mozilla/5.0 (X11; Linux x86_64)"
198.51.100.7 - - [15/Dec/2025:20:27:24 +0000] "POST / HTTP/1.1" 404 300 "-" "Mozilla/5.0 (Windows NT 10.0; Win64; x64) AppleWebKit/537.36"
198.51.100.7 - - [15/Dec/2025:20:28:24 +0000] "GET /contact HTTP/1.1" 500 1666 "-" "Masscan/1.0.5"
203.0.113.45 - - [15/Dec/2025:20:29:24 +0000] "GET /api/v1/users?email=test@example.com HTTP/1.1" 200 3609 "-" "sqlmap/1.4.6#stable"
10.0.0.5 - - [15/Dec/2025:20:30:24 +0000] "GET /login HTTP/1.1" 200 4312 "-" "Mozilla/5.0 (X11; Linux x86_64)"
203.0.113.45 - - [15/Dec/2025:20:31:24 +0000] "GET /upload HTTP/1.1" 502 764 "-" "Mozilla/5.0 (Windows NT 10.0; Win64; x64) AppleWebKit/537.36"
172.16.0.2 - - [15/Dec/2025:20:32:24 +0000] "POST /download/report.csv HTTP/1.1" 200 3941 "-" "Mozilla/5.0 (compatible; Googlebot/2.1; +http://www.google.com/bot.html)"
203.0.113.45 - - [15/Dec/2025:20:33:24 +0000] "GET /download/report.csv HTTP/1.1" 403 6258 "-" "Mozilla/5.0 (X11; Linux x86_64)"
34.201.99.8 - - [15/Dec/2025:20:34:24 +0000] "GET /contact HTTP/1.1" 503 6529 "-" "Mozilla/5.0 (X11; Linux x86_64)"
198.51.100.7 - - [15/Dec/2025:20:35:24 +0000] "POST /submit HTTP/1.1" 200 7838 "-" "sqlmap/1.4.6#stable"
10.1.1.12 - - [15/Dec/2025:20:36:24 +0000] "GET /submit HTTP/1.1" 301 5880 "-" "Mozilla/5.0 (compatible; Googlebot/2.1; +http://www.google.com/bot.html)"
203.0.113.45 - - [15/Dec/2025:20:37:24 +0000] "DELETE / HTTP/1.1" 404 6157 "-" "Masscan/1.0.5"
203.0.113.8 - - [15/Dec/2025:20:38:24 +0000] "GET /upload HTTP/1.1" 200 690 "-" "sqlmap/1.4.6#stable"
192.0.2.10 - - [15/Dec/2025:20:39:24 +0000] "POST /login HTTP/1.1" 500 7550 "-" "Mozilla/5.0 (Windows NT 10.0; Win64; x64) AppleWebKit/537.36"
54.213.12.34 - - [15/Dec/2025:20:40:24 +0000] "GET /contact HTTP/1.1" 503 895 "-" "Nmap Scripting Engine"
34.201.99.8 - - [15/Dec/2025:20:41:24 +0000] "GET /admin/dashboard HTTP/1.1" 200 4851 "-" "Masscan/1.0.5"
203.0.113.45 - - [15/Dec/2025:20:42:24 +0000] "GET /admin/dashboard HTTP/1.1" 200 7170 "-" "sqlmap/1.4.6#stable"
10.0.0.5 - - [15/Dec/2025:20:43:25 +0000] "POST /login HTTP/1.1" 401 407 "FAILED_LOGIN" "Mozilla/5.0 (X11; Linux x86_64)"
10.0.0.5 - - [15/Dec/2025:20:43:26 +0000] "POST /login HTTP/1.1" 401 339 "FAILED_LOGIN" "Mozilla/5.0 (X11; Linux x86_64)"
10.0.0.5 - - [15/Dec/2025:20:43:24 +0000] "POST /login HTTP/1.1" 401 276 "FAILED_LOGIN" "Mozilla/5.0 (X11; Linux x86_64)"
34.201.99.8 - - [15/Dec/2025:20:44:24 +0000] "GET /admin/login HTTP/1.1" 200 2772 "-" "curl/7.68.0"
10.1.1.12 - - [15/Dec/2025:20:45:24 +0000] "GET /contact HTTP/1.1" 200 3995 "-" "sqlmap/1.4.6#stable"
203.0.113.8 - - [15/Dec/2025:20:46:24 +0000] "POST /login HTTP/1.1" 403 2692 "-" "curl/7.68.0"
34.201.99.8 - - [15/Dec/2025:20:47:24 +0000] "GET /wp-login.php HTTP/1.1" 200 2233 "-" "curl/7.68.0"
10.0.0.5 - - [15/Dec/2025:20:48:24 +0000] "GET /index.php HTTP/1.1" 200 1624 "-" "python-requests/2.28.1"
203.0.113.45 - - [15/Dec/2025:20:49:24 +0000] "DELETE /profile HTTP/1.1" 401 2246 "-" "OWASP ZAP"
198.51.100.22 - - [15/Dec/2025:20:50:24 +0000] "GET /admin/dashboard HTTP/1.1" 200 7002 "-" "Mozilla/5.0 (Macintosh; Intel Mac OS X 10_15_7) AppleWebKit/605.1.15"
198.51.100.7 - - [15/Dec/2025:20:51:24 +0000] "GET /checkout HTTP/1.1" 302 7880 "-" "Mozilla/5.0 (compatible; Googlebot/2.1; +http://www.google.com/bot.html)"
198.51.100.22 - - [15/Dec/2025:20:52:24 +0000] "GET /export HTTP/1.1" 200 728 "-" "Mozilla/5.0 (Macintosh; Intel Mac OS X 10_15_7) AppleWebKit/605.1.15"
198.51.100.7 - - [15/Dec/2025:20:53:24 +0000] "PUT /profile HTTP/1.1" 200 7140 "-" "curl/7.68.0"
10.0.0.5 - - [15/Dec/2025:20:54:24 +0000] "GET /profile HTTP/1.1" 200 4901 "-" "Mozilla/5.0 (Windows NT 10.0; Win64; x64) AppleWebKit/537.36"
10.1.1.12 - - [15/Dec/2025:20:55:24 +0000] "POST /checkout HTTP/1.1" 200 5796 "-" "Nmap Scripting Engine"
10.1.1.12 - - [15/Dec/2025:20:56:24 +0000] "GET /product?id=123 HTTP/1.1" 200 3853 "-" "curl/7.68.0"
192.0.2.10 - - [15/Dec/2025:20:57:24 +0000] "GET /admin/settings HTTP/1.1" 200 2617 "-" "Mozilla/5.0 (X11; Linux x86_64)"
172.16.0.2 - - [15/Dec/2025:20:58:24 +0000] "GET /submit HTTP/1.1" 200 2491 "-" "Nmap Scripting Engine"
10.1.1.12 - - [15/Dec/2025:20:59:24 +0000] "GET /product?id=123 HTTP/1.1" 200 6771 "-" "OWASP ZAP"
54.213.12.34 - - [15/Dec/2025:21:00:24 +0000] "POST /checkout HTTP/1.1" 200 6601 "-" "Mozilla/5.0 (compatible; Googlebot/2.1; +http://www.google.com/bot.html)"
172.16.0.2 - - [15/Dec/2025:21:01:24 +0000] "GET /api/v1/export?format=csv HTTP/1.1" 200 2415 "-" "OWASP ZAP"
192.0.2.10 - - [15/Dec/2025:21:02:24 +0000] "GET /admin/settings HTTP/1.1" 200 6841 "-" "sqlmap/1.4.6#stable"
203.0.113.8 - - [15/Dec/2025:21:03:24 +0000] "GET /images/logo.png HTTP/1.1" 200 4984 "-" "OWASP ZAP"
198.51.100.7 - - [15/Dec/2025:21:04:24 +0000] "DELETE /admin/login HTTP/1.1" 302 2383 "-" "sqlmap/1.4.6#stable"
54.213.12.34 - - [15/Dec/2025:21:05:24 +0000] "POST /index.php HTTP/1.1" 200 6732 "-" "sqlmap/1.4.6#stable"
10.1.1.12 - - [15/Dec/2025:21:06:24 +0000] "GET /search HTTP/1.1" 200 2805 "-" "curl/7.68.0"
10.0.0.5 - - [15/Dec/2025:21:07:24 +0000] "PUT / HTTP/1.1" 502 4817 "-" "Mozilla/5.0 (compatible; Googlebot/2.1; +http://www.google.com/bot.html)"
192.0.2.10 - - [15/Dec/2025:21:08:24 +0000] "GET /product?id=123 HTTP/1.1" 200 1638 "-" "Nmap Scripting Engine"
172.16.0.2 - - [15/Dec/2025:21:09:24 +0000] "GET /index.php HTTP/1.1" 200 363 "-" "sqlmap/1.4.6#stable"
54.213.12.34 - - [15/Dec/2025:21:10:24 +0000] "GET /wp-login.php HTTP/1.1" 200 1268 "-" "Mozilla/5.0 (X11; Linux x86_64)"
10.0.0.5 - - [15/Dec/2025:21:11:24 +0000] "POST /wp-login.php HTTP/1.1" 200 5005 "-" "Mozilla/5.0 (Windows NT 10.0; Win64; x64) AppleWebKit/537.36"
192.0.2.10 - - [15/Dec/2025:21:12:24 +0000] "POST /upload HTTP/1.1" 502 3260 "-" "Mozilla/5.0 (compatible; Googlebot/2.1; +http://www.google.com/bot.html)"
10.1.1.12 - - [15/Dec/2025:21:13:24 +0000] "GET /wp-login.php HTTP/1.1" 200 1490 "-" "python-requests/2.28.1"
10.1.1.12 - - [15/Dec/2025:21:14:24 +0000] "POST /images/logo.png HTTP/1.1" 200 4803 "-" "Mozilla/5.0 (compatible; Googlebot/2.1; +http://www.google.com/bot.html)"
34.201.99.8 - - [15/Dec/2025:21:15:24 +0000] "POST /admin/ HTTP/1.1" 404 360 "SUSPICIOUS_UA" "OWASP ZAP"
192.0.2.10 - - [15/Dec/2025:21:16:24 +0000] "POST /api/v1/export?format=csv HTTP/1.1" 404 6514 "-" "Masscan/1.0.5"
34.201.99.8 - - [15/Dec/2025:21:17:24 +0000] "GET /admin/settings HTTP/1.1" 500 5208 "-" "Mozilla/5.0 (compatible; Googlebot/2.1; +http://www.google.com/bot.html)"
198.51.100.7 - - [15/Dec/2025:21:18:24 +0000] "GET /admin/login HTTP/1.1" 200 6305 "-" "Nmap Scripting Engine"
198.51.100.22 - - [15/Dec/2025:21:19:24 +0000] "GET /wp-login.php HTTP/1.1" 301 926 "-" "curl/7.68.0"
10.0.0.5 - - [15/Dec/2025:21:20:24 +0000] "GET /export HTTP/1.1" 200 755 "-" "sqlmap/1.4.6#stable"
10.0.0.5 - - [15/Dec/2025:21:21:24 +0000] "GET /admin/login HTTP/1.1" 200 3789 "-" "Mozilla/5.0 (Windows NT 10.0; Win64; x64) AppleWebKit/537.36"
10.1.1.12 - - [15/Dec/2025:21:22:24 +0000] "DELETE /api/v1/users?email=test@example.com HTTP/1.1" 422 3077 "-" "Nmap Scripting Engine"
54.213.12.34 - - [15/Dec/2025:21:23:24 +0000] "GET /images/logo.png HTTP/1.1" 301 5829 "-" "Mozilla/5.0 (X11; Linux x86_64)"
198.51.100.7 - - [15/Dec/2025:21:24:24 +0000] "GET / HTTP/1.1" 404 448 "SUSPICIOUS_UA" "sqlmap"
10.1.1.12 - - [15/Dec/2025:21:25:24 +0000] "GET /login HTTP/1.1" 502 962 "-" "OWASP ZAP"
10.0.0.5 - - [15/Dec/2025:21:26:24 +0000] "GET /admin/settings HTTP/1.1" 400 3733 "-" "Nmap Scripting Engine"
192.0.2.10 - - [15/Dec/2025:21:27:24 +0000] "GET /api/v1/users?email=test@example.com HTTP/1.1" 200 2912 "-" "curl/7.68.0"
198.51.100.7 - - [15/Dec/2025:21:28:24 +0000] "DELETE /api/v1/users?email=test@example.com HTTP/1.1" 400 6179 "-" "OWASP ZAP"
54.213.12.34 - - [15/Dec/2025:21:29:24 +0000] "GET /download/report.csv HTTP/1.1" 200 606 "-" "python-requests/2.28.1"
10.1.1.12 - - [15/Dec/2025:21:30:24 +0000] "GET /images/logo.png HTTP/1.1" 200 231 "-" "curl/7.68.0"
10.1.1.12 - - [15/Dec/2025:21:31:25 +0000] "POST /login HTTP/1.1" 401 853 "FAILED_LOGIN" "Mozilla/5.0 (X11; Linux x86_64)"
10.1.1.12 - - [15/Dec/2025:21:31:26 +0000] "POST /login HTTP/1.1" 401 498 "FAILED_LOGIN" "Mozilla/5.0 (X11; Linux x86_64)"
10.1.1.12 - - [15/Dec/2025:21:31:24 +0000] "POST /login HTTP/1.1" 401 374 "FAILED_LOGIN" "Mozilla/5.0 (X11; Linux x86_64)"
198.51.100.22 - - [15/Dec/2025:21:32:24 +0000] "GET /admin/login HTTP/1.1" 403 4057 "-" "python-requests/2.28.1"
172.16.0.2 - - [15/Dec/2025:21:33:24 +0000] "POST /export HTTP/1.1" 301 3374 "-" "Mozilla/5.0 (Macintosh; Intel Mac OS X 10_15_7) AppleWebKit/605.1.15"
192.0.2.10 - - [15/Dec/2025:21:34:24 +0000] "GET /checkout HTTP/1.1" 200 565 "-" "Mozilla/5.0 (compatible; Googlebot/2.1; +http://www.google.com/bot.html)"
203.0.113.8 - - [15/Dec/2025:21:35:24 +0000] "GET /export HTTP/1.1" 404 4822 "-" "sqlmap/1.4.6#stable"
203.0.113.45 - - [15/Dec/2025:21:36:24 +0000] "GET /admin/login HTTP/1.1" 302 6820 "-" "Mozilla/5.0 (Macintosh; Intel Mac OS X 10_15_7) AppleWebKit/605.1.15"
54.213.12.34 - - [15/Dec/2025:21:37:24 +0000] "GET /api/v1/export?format=csv HTTP/1.1" 200 7087 "-" "sqlmap/1.4.6#stable"
10.1.1.12 - - [15/Dec/2025:21:38:24 +0000] "POST /api/v1/users?email=test@example.com HTTP/1.1" 400 7870 "-" "OWASP ZAP"
172.16.0.2 - - [15/Dec/2025:21:39:24 +0000] "GET /api/v1/items HTTP/1.1" 200 3434 "-" "Nmap Scripting Engine"
203.0.113.45 - - [15/Dec/2025:21:40:24 +0000] "GET /download/report.csv HTTP/1.1" 200 3966818 "DATA_EXFILTRATION" "curl/7.68.0"
192.0.2.10 - - [15/Dec/2025:21:41:24 +0000] "DELETE /product?id=123 HTTP/1.1" 200 841 "-" "curl/7.68.0"
10.1.1.12 - - [15/Dec/2025:21:42:24 +0000] "GET /admin/dashboard HTTP/1.1" 200 7661 "-" "Mozilla/5.0 (X11; Linux x86_64)"
198.51.100.22 - - [15/Dec/2025:21:43:24 +0000] "GET /submit HTTP/1.1" 200 7217 "-" "Masscan/1.0.5"
203.0.113.8 - - [15/Dec/2025:21:44:24 +0000] "GET / HTTP/1.1" 200 6603 "-" "Mozilla/5.0 (X11; Linux x86_64)"
10.1.1.12 - - [15/Dec/2025:21:45:24 +0000] "GET /admin/dashboard HTTP/1.1" 200 4973 "-" "curl/7.68.0"
198.51.100.22 - - [15/Dec/2025:21:46:24 +0000] "PUT /api/v1/export?format=csv HTTP/1.1" 403 7306 "-" "Mozilla/5.0 (Macintosh; Intel Mac OS X 10_15_7) AppleWebKit/605.1.15"
54.213.12.34 - - [15/Dec/2025:21:47:24 +0000] "POST /api/v1/users?email=test@example.com HTTP/1.1" 200 4177 "-" "python-requests/2.28.1"
34.201.99.8 - - [15/Dec/2025:21:48:24 +0000] "GET /index.php HTTP/1.1" 200 1378 "-" "curl/7.68.0"
34.201.99.8 - - [15/Dec/2025:21:49:24 +0000] "GET /checkout HTTP/1.1" 200 7400 "-" "Mozilla/5.0 (Windows NT 10.0; Win64; x64) AppleWebKit/537.36"
10.0.0.5 - - [15/Dec/2025:21:50:24 +0000] "GET /index.php HTTP/1.1" 500 7548 "-" "Nmap Scripting Engine"
10.0.0.5 - - [15/Dec/2025:21:51:24 +0000] "GET /download/report.csv HTTP/1.1" 200 4227 "-" "python-requests/2.28.1"
198.51.100.22 - - [15/Dec/2025:21:52:24 +0000] "DELETE /api/v1/items HTTP/1.1" 200 6292 "-" "curl/7.68.0"
172.16.0.2 - - [15/Dec/2025:21:53:24 +0000] "POST /wp-login.php HTTP/1.1" 400 5155 "-" "python-requests/2.28.1"
198.51.100.22 - - [15/Dec/2025:21:54:24 +0000] "GET /product?id=123 HTTP/1.1" 401 6421 "-" "Masscan/1.0.5"
54.213.12.34 - - [15/Dec/2025:21:55:24 +0000] "POST /index.php HTTP/1.1" 403 737 "-" "OWASP ZAP"
203.0.113.8 - - [15/Dec/2025:21:56:24 +0000] "POST /checkout HTTP/1.1" 403 4494 "-" "curl/7.68.0"
34.201.99.8 - - [15/Dec/2025:21:57:24 +0000] "GET /product?id=123 HTTP/1.1" 404 2243 "-" "sqlmap/1.4.6#stable"
203.0.113.45 - - [15/Dec/2025:21:58:24 +0000] "GET /contact HTTP/1.1" 200 6946 "-" "sqlmap/1.4.6#stable"
172.16.0.2 - - [15/Dec/2025:21:59:24 +0000] "GET /admin/login HTTP/1.1" 200 4204 "-" "Mozilla/5.0 (Windows NT 10.0; Win64; x64) AppleWebKit/537.36"
34.201.99.8 - - [15/Dec/2025:22:00:24 +0000] "GET /images/logo.png HTTP/1.1" 200 3020 "-" "Mozilla/5.0 (X11; Linux x86_64)"
192.0.2.10 - - [15/Dec/2025:22:01:24 +0000] "POST /export HTTP/1.1" 200 3366 "-" "Mozilla/5.0 (Macintosh; Intel Mac OS X 10_15_7) AppleWebKit/605.1.15"
203.0.113.45 - - [15/Dec/2025:22:02:24 +0000] "GET /api/v1/export?format=csv HTTP/1.1" 404 5503 "-" "sqlmap/1.4.6#stable"
198.51.100.7 - - [15/Dec/2025:22:03:24 +0000] "GET /export HTTP/1.1" 200 7283 "-" "Masscan/1.0.5"
203.0.113.45 - - [15/Dec/2025:22:04:24 +0000] "GET /admin/dashboard HTTP/1.1" 200 269 "-" "curl/7.68.0"
198.51.100.7 - - [15/Dec/2025:22:05:24 +0000] "GET /download/report.csv HTTP/1.1" 200 3284 "-" "python-requests/2.28.1"
10.0.0.5 - - [15/Dec/2025:22:06:24 +0000] "GET /product?id=123 HTTP/1.1" 200 4465 "-" "Nmap Scripting Engine"
34.201.99.8 - - [15/Dec/2025:22:07:24 +0000] "GET /admin/login HTTP/1.1" 200 5626 "-" "Mozilla/5.0 (Windows NT 10.0; Win64; x64) AppleWebKit/537.36"
10.0.0.5 - - [15/Dec/2025:22:08:24 +0000] "GET /admin/settings HTTP/1.1" 200 5806 "-" "Mozilla/5.0 (X11; Linux x86_64)"
198.51.100.22 - - [15/Dec/2025:22:09:24 +0000] "GET /admin/ HTTP/1.1" 403 1927 "SUSPICIOUS_UA" "sqlmap/1.4"
203.0.113.8 - - [15/Dec/2025:22:10:24 +0000] "GET /page?file=/proc/self/environ HTTP/1.1" 400 1346 "LFI_ATTEMPT" "sqlmap/1.4.6#stable"
203.0.113.45 - - [15/Dec/2025:22:11:24 +0000] "GET /download/report.csv HTTP/1.1" 422 3514 "-" "python-requests/2.28.1"
10.1.1.12 - - [15/Dec/2025:22:12:24 +0000] "POST /api/v1/export?format=csv HTTP/1.1" 403 3011 "-" "Mozilla/5.0 (X11; Linux x86_64)"
198.51.100.7 - - [15/Dec/2025:22:13:24 +0000] "GET /images/logo.png HTTP/1.1" 200 7125 "-" "Mozilla/5.0 (compatible; Googlebot/2.1; +http://www.google.com/bot.html)"
192.0.2.10 - - [15/Dec/2025:22:14:24 +0000] "POST /submit HTTP/1.1" 200 4056 "-" "curl/7.68.0"
192.0.2.10 - - [15/Dec/2025:22:15:24 +0000] "POST /submit HTTP/1.1" 502 7569 "-" "curl/7.68.0"
10.0.0.5 - - [15/Dec/2025:22:16:24 +0000] "GET /api/v1/items HTTP/1.1" 200 7338 "-" "Mozilla/5.0 (compatible; Googlebot/2.1; +http://www.google.com/bot.html)"
203.0.113.8 - - [15/Dec/2025:22:17:24 +0000] "GET /wp-login.php HTTP/1.1" 200 2608 "-" "Mozilla/5.0 (compatible; Googlebot/2.1; +http://www.google.com/bot.html)"
172.16.0.2 - - [15/Dec/2025:22:18:24 +0000] "POST /images/logo.png HTTP/1.1" 404 4980 "-" "Mozilla/5.0 (Windows NT 10.0; Win64; x64) AppleWebKit/537.36"
34.201.99.8 - - [15/Dec/2025:22:19:24 +0000] "PUT /login HTTP/1.1" 422 4299 "-" "Nmap Scripting Engine"
198.51.100.22 - - [15/Dec/2025:22:20:24 +0000] "POST /checkout HTTP/1.1" 200 642 "-" "OWASP ZAP"
192.0.2.10 - - [15/Dec/2025:22:21:24 +0000] "GET /product?id=123 HTTP/1.1" 200 4864 "-" "Mozilla/5.0 (compatible; Googlebot/2.1; +http://www.google.com/bot.html)"
172.16.0.2 - - [15/Dec/2025:22:22:24 +0000] "GET /api/v1/export?format=csv HTTP/1.1" 200 686653 "DATA_EXFILTRATION" "Mozilla/5.0 (Windows NT 10.0; Win64; x64) AppleWebKit/537.36"
172.16.0.2 - - [15/Dec/2025:22:23:24 +0000] "GET /search HTTP/1.1" 401 4210 "-" "Mozilla/5.0 (X11; Linux x86_64)"
198.51.100.22 - - [15/Dec/2025:22:24:24 +0000] "GET /page?file=../etc/passwd HTTP/1.1" 200 4572 "LFI_ATTEMPT" "Masscan/1.0.5"
198.51.100.7 - - [15/Dec/2025:22:25:24 +0000] "POST / HTTP/1.1" 401 4550 "-" "Mozilla/5.0 (compatible; Googlebot/2.1; +http://www.google.com/bot.html)"
198.51.100.7 - - [15/Dec/2025:22:26:24 +0000] "GET / HTTP/1.1" 200 7384 "-" "sqlmap/1.4.6#stable"
10.0.0.5 - - [15/Dec/2025:22:27:24 +0000] "GET /admin/login HTTP/1.1" 200 2707 "-" "Masscan/1.0.5"
192.0.2.10 - - [15/Dec/2025:22:28:24 +0000] "GET /index.php HTTP/1.1" 502 3934 "-" "python-requests/2.28.1"
54.213.12.34 - - [15/Dec/2025:22:29:24 +0000] "GET /wp-login.php HTTP/1.1" 422 1296 "-" "Masscan/1.0.5"
10.0.0.5 - - [15/Dec/2025:22:30:24 +0000] "DELETE /images/logo.png HTTP/1.1" 401 1550 "-" "Mozilla/5.0 (compatible; Googlebot/2.1; +http://www.google.com/bot.html)"
10.1.1.12 - - [15/Dec/2025:22:31:24 +0000] "GET /api/v1/items HTTP/1.1" 200 379 "-" "curl/7.68.0"
34.201.99.8 - - [15/Dec/2025:22:32:24 +0000] "GET /admin/login HTTP/1.1" 400 6689 "-" "Mozilla/5.0 (compatible; Googlebot/2.1; +http://www.google.com/bot.html)"
203.0.113.45 - - [15/Dec/2025:22:33:24 +0000] "GET /export HTTP/1.1" 301 5065 "-" "OWASP ZAP"
203.0.113.45 - - [15/Dec/2025:22:34:24 +0000] "GET / HTTP/1.1" 400 3614 "-" "Mozilla/5.0 (Windows NT 10.0; Win64; x64) AppleWebKit/537.36"
172.16.0.2 - - [15/Dec/2025:22:35:24 +0000] "GET /submit HTTP/1.1" 200 1454 "-" "python-requests/2.28.1"
198.51.100.7 - - [15/Dec/2025:22:36:24 +0000] "GET / HTTP/1.1" 200 1027 "-" "python-requests/2.28.1"
54.213.12.34 - - [15/Dec/2025:22:37:24 +0000] "GET /admin/settings HTTP/1.1" 200 7561 "-" "curl/7.68.0"
198.51.100.22 - - [15/Dec/2025:22:38:24 +0000] "GET /admin/settings HTTP/1.1" 200 6628 "-" "Mozilla/5.0 (Macintosh; Intel Mac OS X 10_15_7) AppleWebKit/605.1.15"
198.51.100.22 - - [15/Dec/2025:22:39:24 +0000] "GET /admin/settings HTTP/1.1" 403 7011 "-" "sqlmap/1.4.6#stable"
54.213.12.34 - - [15/Dec/2025:22:40:24 +0000] "DELETE /contact HTTP/1.1" 200 522 "-" "Masscan/1.0.5"
54.213.12.34 - - [15/Dec/2025:22:41:24 +0000] "GET /product?id=123 HTTP/1.1" 200 222 "-" "Nmap Scripting Engine"
203.0.113.45 - - [15/Dec/2025:22:42:24 +0000] "GET /admin/login HTTP/1.1" 302 1421 "-" "Mozilla/5.0 (X11; Linux x86_64)"
198.51.100.22 - - [15/Dec/2025:22:43:24 +0000] "POST /login HTTP/1.1" 422 5478 "-" "Mozilla/5.0 (Macintosh; Intel Mac OS X 10_15_7) AppleWebKit/605.1.15"
198.51.100.7 - - [15/Dec/2025:22:44:24 +0000] "GET /download/report.csv HTTP/1.1" 200 1017 "-" "python-requests/2.28.1"
192.0.2.10 - - [15/Dec/2025:22:45:24 +0000] "POST /download/report.csv HTTP/1.1" 403 2761 "-" "Mozilla/5.0 (compatible; Googlebot/2.1; +http://www.google.com/bot.html)"
10.1.1.12 - - [15/Dec/2025:22:46:24 +0000] "POST /admin/login HTTP/1.1" 200 1333 "-" "Mozilla/5.0 (Windows NT 10.0; Win64; x64) AppleWebKit/537.36"
192.0.2.10 - - [15/Dec/2025:22:47:24 +0000] "GET /profile HTTP/1.1" 200 6205 "-" "Mozilla/5.0 (X11; Linux x86_64)"
198.51.100.22 - - [15/Dec/2025:22:48:24 +0000] "GET /wp-login.php HTTP/1.1" 200 3478 "-" "curl/7.68.0"
172.16.0.2 - - [15/Dec/2025:22:49:24 +0000] "GET /download/report.csv HTTP/1.1" 200 1311587 "DATA_EXFILTRATION" "curl/7.68.0"
203.0.113.45 - - [15/Dec/2025:22:50:24 +0000] "DELETE /search HTTP/1.1" 200 5039 "-" "Mozilla/5.0 (Macintosh; Intel Mac OS X 10_15_7) AppleWebKit/605.1.15"
172.16.0.2 - - [15/Dec/2025:22:51:24 +0000] "POST /profile HTTP/1.1" 301 6582 "-" "curl/7.68.0"
10.0.0.5 - - [15/Dec/2025:22:52:24 +0000] "GET /admin/dashboard HTTP/1.1" 500 1125 "-" "Nmap Scripting Engine"
10.1.1.12 - - [15/Dec/2025:22:53:24 +0000] "GET /login HTTP/1.1" 301 301 "-" "python-requests/2.28.1"
54.213.12.34 - - [15/Dec/2025:22:54:24 +0000] "POST /api/v1/export?format=csv HTTP/1.1" 200 5687 "-" "Mozilla/5.0 (X11; Linux x86_64)"
10.0.0.5 - - [15/Dec/2025:22:55:24 +0000] "GET /admin/settings HTTP/1.1" 200 6152 "-" "Mozilla/5.0 (Macintosh; Intel Mac OS X 10_15_7) AppleWebKit/605.1.15"
198.51.100.7 - - [15/Dec/2025:22:56:24 +0000] "GET /checkout HTTP/1.1" 404 4773 "-" "curl/7.68.0"
34.201.99.8 - - [15/Dec/2025:22:57:24 +0000] "GET /search HTTP/1.1" 404 7178 "-" "OWASP ZAP"
172.16.0.2 - - [15/Dec/2025:22:58:24 +0000] "POST /login HTTP/1.1" 200 2910 "-" "Nmap Scripting Engine"
203.0.113.8 - - [15/Dec/2025:22:59:24 +0000] "GET /api/v1/items HTTP/1.1" 301 3503 "-" "OWASP ZAP"
10.0.0.5 - - [15/Dec/2025:23:00:25 +0000] "GET /api/v1/process HTTP/1.1" 500 586 "-" "Nmap Scripting Engine"
203.0.113.45 - - [15/Dec/2025:23:00:26 +0000] "GET /api/v1/process HTTP/1.1" 500 520 "-" "Masscan/1.0.5"
10.1.1.12 - - [15/Dec/2025:23:00:27 +0000] "GET /api/v1/process HTTP/1.1" 500 246 "-" "OWASP ZAP"
198.51.100.7 - - [15/Dec/2025:23:00:24 +0000] "GET /profile HTTP/1.1" 500 1015 "ERROR_500" "Mozilla/5.0 (X11; Linux x86_64)"
54.213.12.34 - - [15/Dec/2025:23:01:24 +0000] "GET /login HTTP/1.1" 502 5422 "-" "Mozilla/5.0 (X11; Linux x86_64)"
203.0.113.8 - - [15/Dec/2025:23:02:24 +0000] "POST /submit HTTP/1.1" 301 3937 "-" "sqlmap/1.4.6#stable"
10.0.0.5 - - [15/Dec/2025:23:03:24 +0000] "GET /index.php HTTP/1.1" 404 2919 "-" "sqlmap/1.4.6#stable"
54.213.12.34 - - [15/Dec/2025:23:04:24 +0000] "POST /admin/settings HTTP/1.1" 400 3176 "-" "Nmap Scripting Engine"
172.16.0.2 - - [15/Dec/2025:23:05:24 +0000] "GET /api/v1/items HTTP/1.1" 200 6998 "-" "Mozilla/5.0 (Windows NT 10.0; Win64; x64) AppleWebKit/537.36"
203.0.113.8 - - [15/Dec/2025:23:06:24 +0000] "GET /contact HTTP/1.1" 200 1544 "-" "Mozilla/5.0 (Macintosh; Intel Mac OS X 10_15_7) AppleWebKit/605.1.15"
172.16.0.2 - - [15/Dec/2025:23:07:24 +0000] "GET /api/v1/users?email=test@example.com HTTP/1.1" 200 1804 "-" "Mozilla/5.0 (Macintosh; Intel Mac OS X 10_15_7) AppleWebKit/605.1.15"
198.51.100.7 - - [15/Dec/2025:23:08:24 +0000] "GET /checkout HTTP/1.1" 200 6601 "-" "sqlmap/1.4.6#stable"
198.51.100.7 - - [15/Dec/2025:23:09:24 +0000] "POST /admin/login HTTP/1.1" 200 5387 "-" "Masscan/1.0.5"
34.201.99.8 - - [15/Dec/2025:23:10:24 +0000] "GET /profile HTTP/1.1" 302 4330 "-" "Nmap Scripting Engine"
192.0.2.10 - - [15/Dec/2025:23:11:24 +0000] "DELETE /page?file=../../etc/passwd HTTP/1.1" 400 1651 "LFI_ATTEMPT" "OWASP ZAP"
34.201.99.8 - - [15/Dec/2025:23:12:24 +0000] "GET /admin/dashboard HTTP/1.1" 200 5119 "-" "Mozilla/5.0 (Macintosh; Intel Mac OS X 10_15_7) AppleWebKit/605.1.15"
34.201.99.8 - - [15/Dec/2025:23:13:24 +0000] "POST /upload HTTP/1.1" 200 5188 "-" "Masscan/1.0.5"
198.51.100.7 - - [15/Dec/2025:23:14:24 +0000] "GET /wp-login.php HTTP/1.1" 200 1292 "-" "python-requests/2.28.1"
192.0.2.10 - - [15/Dec/2025:23:15:24 +0000] "GET /upload HTTP/1.1" 404 4687 "-" "python-requests/2.28.1"
10.0.0.5 - - [15/Dec/2025:23:16:24 +0000] "POST /submit HTTP/1.1" 200 5313 "-" "sqlmap/1.4.6#stable"
203.0.113.8 - - [15/Dec/2025:23:17:24 +0000] "GET /admin/dashboard HTTP/1.1" 200 5887 "-" "curl/7.68.0"
10.0.0.5 - - [15/Dec/2025:23:18:24 +0000] "POST /contact HTTP/1.1" 200 4874 "-" "OWASP ZAP"
10.1.1.12 - - [15/Dec/2025:23:19:24 +0000] "GET /submit HTTP/1.1" 404 3660 "-" "python-requests/2.28.1"
203.0.113.45 - - [15/Dec/2025:23:20:24 +0000] "GET / HTTP/1.1" 200 5690 "-" "Masscan/1.0.5"
203.0.113.45 - - [15/Dec/2025:23:21:24 +0000] "GET /search HTTP/1.1" 302 1399 "-" "python-requests/2.28.1"
203.0.113.45 - - [15/Dec/2025:23:22:24 +0000] "GET /download/report.csv HTTP/1.1" 401 464 "-" "sqlmap/1.4.6#stable"
10.0.0.5 - - [15/Dec/2025:23:23:24 +0000] "POST /admin/login HTTP/1.1" 404 6257 "-" "Mozilla/5.0 (X11; Linux x86_64)"
54.213.12.34 - - [15/Dec/2025:23:24:24 +0000] "POST /submit HTTP/1.1" 200 6625 "-" "Masscan/1.0.5"
203.0.113.8 - - [15/Dec/2025:23:25:24 +0000] "GET /index.php HTTP/1.1" 200 6656 "-" "Masscan/1.0.5"
10.0.0.5 - - [15/Dec/2025:23:26:24 +0000] "DELETE /index.php HTTP/1.1" 401 1863 "-" "Mozilla/5.0 (Windows NT 10.0; Win64; x64) AppleWebKit/537.36"
34.201.99.8 - - [15/Dec/2025:23:27:24 +0000] "POST /profile HTTP/1.1" 500 5972 "-" "sqlmap/1.4.6#stable"
10.0.0.5 - - [15/Dec/2025:23:28:24 +0000] "POST /submit HTTP/1.1" 200 6138 "-" "Mozilla/5.0 (X11; Linux x86_64)"
198.51.100.7 - - [15/Dec/2025:23:29:24 +0000] "GET /search HTTP/1.1" 200 1623 "-" "Mozilla/5.0 (Macintosh; Intel Mac OS X 10_15_7) AppleWebKit/605.1.15"
54.213.12.34 - - [15/Dec/2025:23:30:24 +0000] "GET /index.php HTTP/1.1" 200 2364 "-" "Masscan/1.0.5"
192.0.2.10 - - [15/Dec/2025:23:31:24 +0000] "GET /export HTTP/1.1" 200 6013 "-" "Mozilla/5.0 (Windows NT 10.0; Win64; x64) AppleWebKit/537.36"
192.0.2.10 - - [15/Dec/2025:23:32:24 +0000] "GET /wp-login.php HTTP/1.1" 200 7838 "-" "Mozilla/5.0 (X11; Linux x86_64)"
34.201.99.8 - - [15/Dec/2025:23:33:24 +0000] "POST /download/report.csv HTTP/1.1" 403 4706 "-" "Nmap Scripting Engine"
10.0.0.5 - - [15/Dec/2025:23:34:24 +0000] "GET /wp-login.php HTTP/1.1" 200 1706 "-" "OWASP ZAP"
54.213.12.34 - - [15/Dec/2025:23:35:24 +0000] "GET /upload HTTP/1.1" 200 4599 "-" "curl/7.68.0"
10.1.1.12 - - [15/Dec/2025:23:36:24 +0000] "GET /api/v1/items HTTP/1.1" 302 2912 "-" "sqlmap/1.4.6#stable"
10.0.0.5 - - [15/Dec/2025:23:37:24 +0000] "GET /admin/settings HTTP/1.1" 200 4798 "-" "OWASP ZAP"
203.0.113.45 - - [15/Dec/2025:23:38:25 +0000] "POST /login HTTP/1.1" 401 240 "FAILED_LOGIN" "Mozilla/5.0 (X11; Linux x86_64)"
203.0.113.45 - - [15/Dec/2025:23:38:26 +0000] "POST /login HTTP/1.1" 401 898 "FAILED_LOGIN" "Mozilla/5.0 (X11; Linux x86_64)"
203.0.113.45 - - [15/Dec/2025:23:38:24 +0000] "POST /login HTTP/1.1" 401 1181 "FAILED_LOGIN" "Mozilla/5.0 (X11; Linux x86_64)"
10.0.0.5 - - [15/Dec/2025:23:39:24 +0000] "GET /admin/login HTTP/1.1" 200 6130 "-" "Masscan/1.0.5"
203.0.113.8 - - [15/Dec/2025:23:40:24 +0000] "GET /upload HTTP/1.1" 200 4367 "-" "Mozilla/5.0 (compatible; Googlebot/2.1; +http://www.google.com/bot.html)"
172.16.0.2 - - [15/Dec/2025:23:41:24 +0000] "GET /download/report.csv HTTP/1.1" 200 874 "-" "sqlmap/1.4.6#stable"
198.51.100.22 - - [15/Dec/2025:23:42:24 +0000] "GET /submit HTTP/1.1" 200 736 "-" "OWASP ZAP"
198.51.100.7 - - [15/Dec/2025:23:43:24 +0000] "GET /product?id=123 HTTP/1.1" 404 1884 "-" "Masscan/1.0.5"
54.213.12.34 - - [15/Dec/2025:23:44:24 +0000] "POST /api/v1/users?email=test@example.com HTTP/1.1" 401 1459 "-" "Mozilla/5.0 (Macintosh; Intel Mac OS X 10_15_7) AppleWebKit/605.1.15"
203.0.113.45 - - [15/Dec/2025:23:45:24 +0000] "GET /wp-login.php HTTP/1.1" 200 644 "-" "Mozilla/5.0 (Windows NT 10.0; Win64; x64) AppleWebKit/537.36"
192.0.2.10 - - [15/Dec/2025:23:46:24 +0000] "POST /submit HTTP/1.1" 200 2064 "-" "Mozilla/5.0 (Macintosh; Intel Mac OS X 10_15_7) AppleWebKit/605.1.15"
203.0.113.8 - - [15/Dec/2025:23:47:24 +0000] "GET /profile HTTP/1.1" 200 338 "-" "Masscan/1.0.5"
10.1.1.12 - - [15/Dec/2025:23:48:24 +0000] "GET /submit HTTP/1.1" 301 5265 "-" "Mozilla/5.0 (Windows NT 10.0; Win64; x64) AppleWebKit/537.36"
198.51.100.22 - - [15/Dec/2025:23:49:24 +0000] "POST /api/v1/export?format=csv HTTP/1.1" 400 794 "-" "Mozilla/5.0 (Windows NT 10.0; Win64; x64) AppleWebKit/537.36"
10.0.0.5 - - [15/Dec/2025:23:50:24 +0000] "PUT /admin/login HTTP/1.1" 403 2668 "-" "python-requests/2.28.1"
34.201.99.8 - - [15/Dec/2025:23:51:24 +0000] "GET /profile HTTP/1.1" 200 5612 "-" "Masscan/1.0.5"
203.0.113.45 - - [15/Dec/2025:23:52:24 +0000] "GET /submit HTTP/1.1" 200 3403 "-" "sqlmap/1.4.6#stable"
54.213.12.34 - - [15/Dec/2025:23:53:24 +0000] "GET /admin/dashboard HTTP/1.1" 302 7688 "-" "python-requests/2.28.1"
10.0.0.5 - - [15/Dec/2025:23:54:24 +0000] "DELETE / HTTP/1.1" 404 1358 "-" "OWASP ZAP"
198.51.100.22 - - [15/Dec/2025:23:55:24 +0000] "GET /api/v1/export?format=csv HTTP/1.1" 200 4685 "-" "Mozilla/5.0 (X11; Linux x86_64)"
198.51.100.22 - - [15/Dec/2025:23:56:24 +0000] "GET /contact HTTP/1.1" 200 5491 "-" "sqlmap/1.4.6#stable"
54.213.12.34 - - [15/Dec/2025:23:57:24 +0000] "GET /search HTTP/1.1" 301 2270 "-" "sqlmap/1.4.6#stable"
198.51.100.7 - - [15/Dec/2025:23:58:24 +0000] "GET /api/v1/export?format=csv HTTP/1.1" 404 7837 "-" "Mozilla/5.0 (Windows NT 10.0; Win64; x64) AppleWebKit/537.36"
54.213.12.34 - - [15/Dec/2025:23:59:24 +0000] "GET /submit HTTP/1.1" 200 751 "-" "Mozilla/5.0 (Macintosh; Intel Mac OS X 10_15_7) AppleWebKit/605.1.15"
203.0.113.8 - - [16/Dec/2025:00:00:24 +0000] "GET /export?user=all HTTP/1.1" 200 2167404 "DATA_EXFILTRATION" "Mozilla/5.0 (Macintosh; Intel Mac OS X 10_15_7) AppleWebKit/605.1.15"
203.0.113.8 - - [16/Dec/2025:00:01:24 +0000] "GET /product?id=123 HTTP/1.1" 200 2889 "-" "Mozilla/5.0 (compatible; Googlebot/2.1; +http://www.google.com/bot.html)"
34.201.99.8 - - [16/Dec/2025:00:02:24 +0000] "GET /api/v1/export?format=csv HTTP/1.1" 200 3185 "-" "curl/7.68.0"
10.0.0.5 - - [16/Dec/2025:00:03:24 +0000] "DELETE /search HTTP/1.1" 200 6636 "-" "Mozilla/5.0 (Windows NT 10.0; Win64; x64) AppleWebKit/537.36"
198.51.100.7 - - [16/Dec/2025:00:04:24 +0000] "POST /profile?bio=<img src=x onerror=alert(1)> HTTP/1.1" 400 1112 "XSS_ATTEMPT" "python-requests/2.28.1"
10.0.0.5 - - [16/Dec/2025:00:05:24 +0000] "POST /images/logo.png HTTP/1.1" 200 5488 "-" "OWASP ZAP"
34.201.99.8 - - [16/Dec/2025:00:06:24 +0000] "GET /export HTTP/1.1" 422 1809 "-" "curl/7.68.0"
203.0.113.8 - - [16/Dec/2025:00:07:24 +0000] "POST /login HTTP/1.1" 422 7159 "-" "Mozilla/5.0 (Macintosh; Intel Mac OS X 10_15_7) AppleWebKit/605.1.15"
54.213.12.34 - - [16/Dec/2025:00:08:24 +0000] "GET /api/v1/export?format=csv HTTP/1.1" 200 5033 "-" "Mozilla/5.0 (X11; Linux x86_64)"
198.51.100.7 - - [16/Dec/2025:00:09:24 +0000] "PUT /submit HTTP/1.1" 200 4621 "-" "python-requests/2.28.1"
172.16.0.2 - - [16/Dec/2025:00:10:24 +0000] "GET /admin/dashboard HTTP/1.1" 200 7502 "-" "Mozilla/5.0 (compatible; Googlebot/2.1; +http://www.google.com/bot.html)"
34.201.99.8 - - [16/Dec/2025:00:11:24 +0000] "POST /download/report.csv HTTP/1.1" 200 4381 "-" "curl/7.68.0"
198.51.100.22 - - [16/Dec/2025:00:12:24 +0000] "GET /upload HTTP/1.1" 302 7146 "-" "Mozilla/5.0 (Windows NT 10.0; Win64; x64) AppleWebKit/537.36"
34.201.99.8 - - [16/Dec/2025:00:13:24 +0000] "GET /upload HTTP/1.1" 200 1667 "-" "curl/7.68.0"
34.201.99.8 - - [16/Dec/2025:00:14:24 +0000] "PUT /admin/dashboard HTTP/1.1" 500 531 "-" "Nmap Scripting Engine"
198.51.100.7 - - [16/Dec/2025:00:15:24 +0000] "POST /api/v1/items HTTP/1.1" 200 2117 "-" "Mozilla/5.0 (Macintosh; Intel Mac OS X 10_15_7) AppleWebKit/605.1.15"
203.0.113.45 - - [16/Dec/2025:00:16:24 +0000] "GET /upload HTTP/1.1" 200 7719 "-" "Mozilla/5.0 (compatible; Googlebot/2.1; +http://www.google.com/bot.html)"
172.16.0.2 - - [16/Dec/2025:00:17:24 +0000] "POST /index.php HTTP/1.1" 200 4471 "-" "Mozilla/5.0 (compatible; Googlebot/2.1; +http://www.google.com/bot.html)"
203.0.113.8 - - [16/Dec/2025:00:18:24 +0000] "POST /export HTTP/1.1" 200 1624 "-" "Mozilla/5.0 (X11; Linux x86_64)"
10.1.1.12 - - [16/Dec/2025:00:19:24 +0000] "POST /admin/login HTTP/1.1" 200 5232 "SUSPICIOUS_ADMIN_ACCESS" "Mozilla/5.0 (Windows NT 10.0; Win64; x64)"
203.0.113.8 - - [16/Dec/2025:00:20:24 +0000] "GET /api/v1/items HTTP/1.1" 200 6894 "-" "OWASP ZAP"
10.0.0.5 - - [16/Dec/2025:00:21:24 +0000] "GET /images/logo.png HTTP/1.1" 200 7425 "-" "Mozilla/5.0 (X11; Linux x86_64)"
192.0.2.10 - - [16/Dec/2025:00:22:24 +0000] "GET /api/v1/items HTTP/1.1" 200 2500 "-" "Mozilla/5.0 (Macintosh; Intel Mac OS X 10_15_7) AppleWebKit/605.1.15"
198.51.100.7 - - [16/Dec/2025:00:23:24 +0000] "GET /search HTTP/1.1" 200 6892 "-" "Mozilla/5.0 (compatible; Googlebot/2.1; +http://www.google.com/bot.html)"
198.51.100.22 - - [16/Dec/2025:00:24:24 +0000] "GET /api/v1/users?email=test@example.com HTTP/1.1" 400 4144 "-" "Mozilla/5.0 (compatible; Googlebot/2.1; +http://www.google.com/bot.html)"
172.16.0.2 - - [16/Dec/2025:00:25:24 +0000] "GET /api/v1/export?format=csv HTTP/1.1" 301 3566 "-" "curl/7.68.0"
203.0.113.45 - - [16/Dec/2025:00:26:24 +0000] "GET /admin/dashboard HTTP/1.1" 200 1303 "-" "Mozilla/5.0 (X11; Linux x86_64)"
54.213.12.34 - - [16/Dec/2025:00:27:24 +0000] "GET /api/v1/export?format=csv HTTP/1.1" 200 2315 "-" "curl/7.68.0"
192.0.2.10 - - [16/Dec/2025:00:28:24 +0000] "GET /checkout HTTP/1.1" 502 5423 "-" "Mozilla/5.0 (X11; Linux x86_64)"
203.0.113.45 - - [16/Dec/2025:00:29:24 +0000] "POST /download/report.csv HTTP/1.1" 200 5168 "-" "Mozilla/5.0 (Macintosh; Intel Mac OS X 10_15_7) AppleWebKit/605.1.15"
172.16.0.2 - - [16/Dec/2025:00:30:24 +0000] "POST /search HTTP/1.1" 404 5122 "-" "sqlmap/1.4.6#stable"
192.0.2.10 - - [16/Dec/2025:00:31:24 +0000] "POST /search HTTP/1.1" 302 2366 "-" "Mozilla/5.0 (X11; Linux x86_64)"
192.0.2.10 - - [16/Dec/2025:00:32:24 +0000] "POST /wp-login.php HTTP/1.1" 200 763 "-" "Nmap Scripting Engine"
198.51.100.7 - - [16/Dec/2025:00:33:24 +0000] "GET /page?file=php://input HTTP/1.1" 400 988 "LFI_ATTEMPT" "Mozilla/5.0 (Macintosh; Intel Mac OS X 10_15_7) AppleWebKit/605.1.15"
192.0.2.10 - - [16/Dec/2025:00:34:24 +0000] "GET /admin/settings HTTP/1.1" 200 6621 "-" "Mozilla/5.0 (X11; Linux x86_64)"
54.213.12.34 - - [16/Dec/2025:00:35:24 +0000] "GET /admin/login HTTP/1.1" 200 1267 "-" "Mozilla/5.0 (Macintosh; Intel Mac OS X 10_15_7) AppleWebKit/605.1.15"
34.201.99.8 - - [16/Dec/2025:00:36:24 +0000] "GET / HTTP/1.1" 200 3234 "-" "Masscan/1.0.5"
203.0.113.45 - - [16/Dec/2025:00:37:24 +0000] "GET /api/v1/users?email=test@example.com HTTP/1.1" 500 4149 "-" "sqlmap/1.4.6#stable"
10.1.1.12 - - [16/Dec/2025:00:38:24 +0000] "GET /api/v1/export?format=csv HTTP/1.1" 200 2285 "-" "Mozilla/5.0 (Macintosh; Intel Mac OS X 10_15_7) AppleWebKit/605.1.15"
172.16.0.2 - - [16/Dec/2025:00:39:24 +0000] "POST /login HTTP/1.1" 200 4654 "-" "python-requests/2.28.1"
10.1.1.12 - - [16/Dec/2025:00:40:24 +0000] "GET /search?q=adminWAITFOR DELAY HTTP/1.1" 400 3865 "-" "Mozilla/5.0 (compatible; Googlebot/2.1; +http://www.google.com/bot.html)"
10.1.1.12 - - [16/Dec/2025:00:41:24 +0000] "GET /admin/dashboard HTTP/1.1" 301 2277 "-" "Masscan/1.0.5"
203.0.113.8 - - [16/Dec/2025:00:42:24 +0000] "POST /api/v1/users?email=test@example.com HTTP/1.1" 200 2457 "-" "Mozilla/5.0 (X11; Linux x86_64)"
10.1.1.12 - - [16/Dec/2025:00:43:24 +0000] "POST /api/v1/users?email=test@example.com HTTP/1.1" 403 4152 "-" "OWASP ZAP"
192.0.2.10 - - [16/Dec/2025:00:44:24 +0000] "GET /profile?bio=<img src=x onerror=alert(1)> HTTP/1.1" 200 1951 "XSS_ATTEMPT" "Nmap Scripting Engine"
198.51.100.22 - - [16/Dec/2025:00:45:24 +0000] "POST /page?file=/proc/self/environ HTTP/1.1" 400 626 "LFI_ATTEMPT" "curl/7.68.0"
192.0.2.10 - - [16/Dec/2025:00:46:24 +0000] "GET / HTTP/1.1" 404 4063 "-" "Mozilla/5.0 (Macintosh; Intel Mac OS X 10_15_7) AppleWebKit/605.1.15"
34.201.99.8 - - [16/Dec/2025:00:47:24 +0000] "GET /login HTTP/1.1" 200 855 "-" "python-requests/2.28.1"
34.201.99.8 - - [16/Dec/2025:00:48:24 +0000] "GET /checkout HTTP/1.1" 301 4468 "-" "Masscan/1.0.5"
203.0.113.8 - - [16/Dec/2025:00:49:24 +0000] "POST /admin/settings HTTP/1.1" 502 6919 "-" "Mozilla/5.0 (Windows NT 10.0; Win64; x64) AppleWebKit/537.36"
192.0.2.10 - - [16/Dec/2025:00:50:24 +0000] "GET /profile HTTP/1.1" 200 5581 "-" "Mozilla/5.0 (Windows NT 10.0; Win64; x64) AppleWebKit/537.36"
54.213.12.34 - - [16/Dec/2025:00:51:24 +0000] "GET /index.php HTTP/1.1" 200 5921 "-" "Mozilla/5.0 (X11; Linux x86_64)"
198.51.100.7 - - [16/Dec/2025:00:52:24 +0000] "GET /index.php HTTP/1.1" 200 202 "-" "Mozilla/5.0 (compatible; Googlebot/2.1; +http://www.google.com/bot.html)"
192.0.2.10 - - [16/Dec/2025:00:53:24 +0000] "GET /export HTTP/1.1" 200 3437 "-" "Masscan/1.0.5"
